MSBuild 縺ｮ繝舌・繧ｸ繝ｧ繝ｳ 17.14.23+b0019275e (.NET Framework)
2026/03/23 5:48:11 縺ｫ繝薙Ν繝峨ｒ髢句ｧ九＠縺ｾ縺励◆縲・

繝弱・繝・1 荳翫・繝励Ο繧ｸ繧ｧ繧ｯ繝・"C:\Users\kurih\source\repos\kuriharakento\KentoCompoEngine\project\KentoCompo.sln" (Build 繧ｿ繝ｼ繧ｲ繝・ヨ)縲・
ValidateSolutionConfiguration:
  繧ｽ繝ｪ繝･繝ｼ繧ｷ繝ｧ繝ｳ讒区・ "Debug|x64" 繧偵ン繝ｫ繝峨＠縺ｦ縺・∪縺吶・
繝励Ο繧ｸ繧ｧ繧ｯ繝・"C:\Users\kurih\source\repos\kuriharakento\KentoCompoEngine\project\KentoCompo.sln" (1) 縺ｯ縲√ヮ繝ｼ繝・1 荳翫↓ "C:\Users\kurih\source\repos\kuriharakento\KentoCompoEngine\project\KentoCompo.vcxproj" (2) 繧偵ン繝ｫ繝峨＠縺ｦ縺・∪縺・(譌｢螳壹・繧ｿ繝ｼ繧ｲ繝・ヨ)縲・
繝励Ο繧ｸ繧ｧ繧ｯ繝・"C:\Users\kurih\source\repos\kuriharakento\KentoCompoEngine\project\KentoCompo.vcxproj" (2) 縺ｯ縲√ヮ繝ｼ繝・1 荳翫↓ "C:\Users\kurih\source\repos\kuriharakento\KentoCompoEngine\project\externals\DirectXTex\DirectXTex_Desktop_2022_Win10.vcxproj" (3) 繧偵ン繝ｫ繝峨＠縺ｦ縺・∪縺・(譌｢螳壹・繧ｿ繝ｼ繧ｲ繝・ヨ)縲・
PrepareForBuild:
  讒矩蛹門・蜉帙′譛牙柑縺ｫ縺ｪ縺｣縺ｦ縺・∪縺吶ゅさ繝ｳ繝代う繝ｩ險ｺ譁ｭ縺ｮ譖ｸ蠑剰ｨｭ螳壹↓縺ｯ繧ｨ繝ｩ繝ｼ髫主ｱ､縺悟渚譏縺輔ｌ縺ｾ縺吶りｩｳ邏ｰ縺ｫ縺､縺・※縺ｯ縲”ttps://aka.ms/cpp/structured-output 繧貞盾辣ｧ縺励※縺上□縺輔＞縲・
InitializeBuildStatus:
  "AlwaysCreate" 縺梧欠螳壹＆繧後◆縺溘ａ "C:\Users\kurih\source\repos\kuriharakento\KentoCompoEngine\project\..\generated\obj\DirectXTex\Debug\DirectXTex.tlog\unsuccessfulbuild" 繧剃ｽ懈・縺励※縺・∪縺吶・
  "C:\Users\kurih\source\repos\kuriharakento\KentoCompoEngine\project\..\generated\obj\DirectXTex\Debug\DirectXTex.tlog\unsuccessfulbuild" 縺ｮ繧ｿ繝・メ 繧ｿ繧ｹ繧ｯ繧貞ｮ溯｡後＠縺ｦ縺・∪縺吶・
ClCompile:
  縺吶∋縺ｦ縺ｮ蜃ｺ蜉帙′譛譁ｰ縺ｮ繧ゅ・縺ｧ縺吶・
  縺吶∋縺ｦ縺ｮ蜃ｺ蜉帙′譛譁ｰ縺ｮ繧ゅ・縺ｧ縺吶・
Lib:
  縺吶∋縺ｦ縺ｮ蜃ｺ蜉帙′譛譁ｰ縺ｮ繧ゅ・縺ｧ縺吶・
  "C:\Users\kurih\source\repos\kuriharakento\KentoCompoEngine\generated\obj\DirectXTex\Debug\DirectXTex.pdb" 縺九ｉ "C:\Users\kurih\source\repos\kuriharakento\KentoCompoEngine\generated\outputs\Debug\DirectXTex.pdb" 縺ｸ繝輔ぃ繧､繝ｫ繧偵さ繝斐・縺励※縺・∪縺吶・
  DirectXTex_Desktop_2022_Win10.vcxproj -> C:\Users\kurih\source\repos\kuriharakento\KentoCompoEngine\generated\outputs\Debug\DirectXTex.lib
FinalizeBuildStatus:
  繝輔ぃ繧､繝ｫ "C:\Users\kurih\source\repos\kuriharakento\KentoCompoEngine\project\..\generated\obj\DirectXTex\Debug\DirectXTex.tlog\unsuccessfulbuild" 繧貞炎髯､縺励※縺・∪縺吶・
  "C:\Users\kurih\source\repos\kuriharakento\KentoCompoEngine\project\..\generated\obj\DirectXTex\Debug\DirectXTex.tlog\DirectXTex.lastbuildstate" 縺ｮ繧ｿ繝・メ 繧ｿ繧ｹ繧ｯ繧貞ｮ溯｡後＠縺ｦ縺・∪縺吶・
繝励Ο繧ｸ繧ｧ繧ｯ繝・"C:\Users\kurih\source\repos\kuriharakento\KentoCompoEngine\project\externals\DirectXTex\DirectXTex_Desktop_2022_Win10.vcxproj" (譌｢螳壹・繧ｿ繝ｼ繧ｲ繝・ヨ) 縺ｮ繝薙Ν繝峨′螳御ｺ・＠縺ｾ縺励◆縲・
PrepareForBuild:
  讒矩蛹門・蜉帙′譛牙柑縺ｫ縺ｪ縺｣縺ｦ縺・∪縺吶ゅさ繝ｳ繝代う繝ｩ險ｺ譁ｭ縺ｮ譖ｸ蠑剰ｨｭ螳壹↓縺ｯ繧ｨ繝ｩ繝ｼ髫主ｱ､縺悟渚譏縺輔ｌ縺ｾ縺吶りｩｳ邏ｰ縺ｫ縺､縺・※縺ｯ縲”ttps://aka.ms/cpp/structured-output 繧貞盾辣ｧ縺励※縺上□縺輔＞縲・
InitializeBuildStatus:
  "C:\Users\kurih\source\repos\kuriharakento\KentoCompoEngine\project\..\generated\obj\KentoCompo\Debug\KentoCompo.tlog\unsuccessfulbuild" 縺ｮ繧ｿ繝・メ 繧ｿ繧ｹ繧ｯ繧貞ｮ溯｡後＠縺ｦ縺・∪縺吶・
ClCompile:
  C:\Program Files\Microsoft Visual Studio\2022\Community\VC\Tools\MSVC\14.44.35207\bin\HostX64\x64\CL.exe /c /IC:\Users\kurih\source\repos\kuriharakento\KentoCompoEngine\project\engine\ /IC:\Users\kurih\source\repos\kuriharakento\KentoCompoEngine\project\ /IC:\Users\kurih\source\repos\kuriharakento\KentoCompoEngine\project\externals\ /IC:\Users\kurih\source\repos\kuriharakento\KentoCompoEngine\project\externals\assimp\include /ZI /JMC /nologo /W3 /WX /diagnostics:column /sdl /MP /Od /D _DEBUG /D _WINDOWS /D USE_IMGUI /D _UNICODE /D UNICODE /Gm- /EHsc /RTC1 /MTd /GS /fp:precise /Zc:wchar_t /Zc:forScope /Zc:inline /std:c++20 /permissive- /Fo"C:\Users\kurih\source\repos\kuriharakento\KentoCompoEngine\project\..\generated\obj\KentoCompo\Debug\\" /Fd"C:\Users\kurih\source\repos\kuriharakento\KentoCompoEngine\project\..\generated\obj\KentoCompo\Debug\vc143.pdb" /external:W3 /Gd /TP /FC /errorReport:queue /utf-8 /FS application\gameObject\combatable\character\enemy\EnemyManager.cpp application\scene\play\GamePlayScene.cpp application\scene\play\TitleScene.cpp engine\scene\factory\SceneFactory.cpp application\gameObject\component\action\MoveComponent.cpp application\scene\debug\StageEditScene.cpp application\stage\StageManager.cpp application\stage\Wave.cpp application\minimap\Minimap.cpp
  EnemyManager.cpp
  GamePlayScene.cpp
  TitleScene.cpp
  SceneFactory.cpp
  MoveComponent.cpp
  StageEditScene.cpp
  StageManager.cpp
  Wave.cpp
  Minimap.cpp
Link:
  C:\Program Files\Microsoft Visual Studio\2022\Community\VC\Tools\MSVC\14.44.35207\bin\HostX64\x64\link.exe /ERRORREPORT:QUEUE /OUT:"C:\Users\kurih\source\repos\kuriharakento\KentoCompoEngine\project\..\generated\outputs\Debug\KentoCompo.exe" /INCREMENTAL /ILK:"C:\Users\kurih\source\repos\kuriharakento\KentoCompoEngine\project\..\generated\obj\KentoCompo\Debug\KentoCompo.ilk" /NOLOGO /LIBPATH:C:\Users\kurih\source\repos\kuriharakento\KentoCompoEngine\project\externals\assimp\lib\Debug /WX "assimp-vc143-mtd.lib" kernel32.lib user32.lib gdi32.lib winspool.lib comdlg32.lib advapi32.lib shell32.lib ole32.lib oleaut32.lib uuid.lib odbc32.lib odbccp32.lib /MANIFEST /MANIFESTUAC:"level='asInvoker' uiAccess='false'" /manifest:embed /DEBUG /PDB:"C:\Users\kurih\source\repos\kuriharakento\KentoCompoEngine\project\..\generated\outputs\Debug\KentoCompo.pdb" /SUBSYSTEM:WINDOWS /TLBID:1 /DYNAMICBASE /NXCOMPAT /IMPLIB:"C:\Users\kurih\source\repos\kuriharakento\KentoCompoEngine\project\..\generated\outputs\Debug\KentoCompo.lib" /MACHINE:X64 /ignore:4049 /ignore:4098 C:\Users\kurih\source\repos\kuriharakento\KentoCompoEngine\project\..\generated\obj\KentoCompo\Debug\Object3dSystem.obj
  C:\Users\kurih\source\repos\kuriharakento\KentoCompoEngine\project\..\generated\obj\KentoCompo\Debug\StatusSystem.obj
  C:\Users\kurih\source\repos\kuriharakento\KentoCompoEngine\project\..\generated\obj\KentoCompo\Debug\ActionNode.obj
  C:\Users\kurih\source\repos\kuriharakento\KentoCompoEngine\project\..\generated\obj\KentoCompo\Debug\AssaultRifleComponent.obj
  C:\Users\kurih\source\repos\kuriharakento\KentoCompoEngine\project\..\generated\obj\KentoCompo\Debug\EnemyManager.obj
  C:\Users\kurih\source\repos\kuriharakento\KentoCompoEngine\project\..\generated\obj\KentoCompo\Debug\BulletTrailManager.obj
  C:\Users\kurih\source\repos\kuriharakento\KentoCompoEngine\project\..\generated\obj\KentoCompo\Debug\WeaponManager.obj
  C:\Users\kurih\source\repos\kuriharakento\KentoCompoEngine\project\..\generated\obj\KentoCompo\Debug\ObjectPool.obj
  C:\Users\kurih\source\repos\kuriharakento\KentoCompoEngine\project\..\generated\obj\KentoCompo\Debug\EcsDebugViewer.obj
  C:\Users\kurih\source\repos\kuriharakento\KentoCompoEngine\project\..\generated\obj\KentoCompo\Debug\Registry.obj
  C:\Users\kurih\source\repos\kuriharakento\KentoCompoEngine\project\..\generated\obj\KentoCompo\Debug\SystemManager.obj
  C:\Users\kurih\source\repos\kuriharakento\KentoCompoEngine\project\..\generated\obj\KentoCompo\Debug\EcsInspector.obj
  C:\Users\kurih\source\repos\kuriharakento\KentoCompoEngine\project\..\generated\obj\KentoCompo\Debug\EcsDebugScene.obj
  C:\Users\kurih\source\repos\kuriharakento\KentoCompoEngine\project\..\generated\obj\KentoCompo\Debug\HierarchySystem.obj
  C:\Users\kurih\source\repos\kuriharakento\KentoCompoEngine\project\..\generated\obj\KentoCompo\Debug\LifetimeSystem.obj
  C:\Users\kurih\source\repos\kuriharakento\KentoCompoEngine\project\..\generated\obj\KentoCompo\Debug\EnemyBehaviorSystem.obj
  C:\Users\kurih\source\repos\kuriharakento\KentoCompoEngine\project\..\generated\obj\KentoCompo\Debug\InstancedRenderSystem.obj
  C:\Users\kurih\source\repos\kuriharakento\KentoCompoEngine\project\..\generated\obj\KentoCompo\Debug\MovementSystem.obj
  C:\Users\kurih\source\repos\kuriharakento\KentoCompoEngine\project\..\generated\obj\KentoCompo\Debug\CollisionSystem.obj
  C:\Users\kurih\source\repos\kuriharakento\KentoCompoEngine\project\..\generated\obj\KentoCompo\Debug\PlayerSystem.obj
  C:\Users\kurih\source\repos\kuriharakento\KentoCompoEngine\project\..\generated\obj\KentoCompo\Debug\InstancedModelRenderer.obj
  C:\Users\kurih\source\repos\kuriharakento\KentoCompoEngine\project\..\generated\obj\KentoCompo\Debug\CollisionAlgorithm.obj
  C:\Users\kurih\source\repos\kuriharakento\KentoCompoEngine\project\..\generated\obj\KentoCompo\Debug\CollisionUtils.obj
  C:\Users\kurih\source\repos\kuriharakento\KentoCompoEngine\project\..\generated\obj\KentoCompo\Debug\CompositeNode.obj
  C:\Users\kurih\source\repos\kuriharakento\KentoCompoEngine\project\..\generated\obj\KentoCompo\Debug\ConditionNode.obj
  C:\Users\kurih\source\repos\kuriharakento\KentoCompoEngine\project\..\generated\obj\KentoCompo\Debug\BehaviorTree.obj
  C:\Users\kurih\source\repos\kuriharakento\KentoCompoEngine\project\..\generated\obj\KentoCompo\Debug\BlackBoard.obj
  C:\Users\kurih\source\repos\kuriharakento\KentoCompoEngine\project\..\generated\obj\KentoCompo\Debug\SphereColliderComponent.obj
  C:\Users\kurih\source\repos\kuriharakento\KentoCompoEngine\project\..\generated\obj\KentoCompo\Debug\RayColliderComponent.obj
  C:\Users\kurih\source\repos\kuriharakento\KentoCompoEngine\project\..\generated\obj\KentoCompo\Debug\LoadGameResources.obj
  C:\Users\kurih\source\repos\kuriharakento\KentoCompoEngine\project\..\generated\obj\KentoCompo\Debug\Area.obj
  C:\Users\kurih\source\repos\kuriharakento\KentoCompoEngine\project\..\generated\obj\KentoCompo\Debug\AreaManager.obj
  C:\Users\kurih\source\repos\kuriharakento\KentoCompoEngine\project\..\generated\obj\KentoCompo\Debug\AreaWaveData.obj
  C:\Users\kurih\source\repos\kuriharakento\KentoCompoEngine\project\..\generated\obj\KentoCompo\Debug\BarrierBlock.obj
  C:\Users\kurih\source\repos\kuriharakento\KentoCompoEngine\project\..\generated\obj\KentoCompo\Debug\ComboManager.obj
  C:\Users\kurih\source\repos\kuriharakento\KentoCompoEngine\project\..\generated\obj\KentoCompo\Debug\CarnageMode.obj
  C:\Users\kurih\source\repos\kuriharakento\KentoCompoEngine\project\..\generated\obj\KentoCompo\Debug\CinematicLetterbox.obj
  C:\Users\kurih\source\repos\kuriharakento\KentoCompoEngine\project\..\generated\obj\KentoCompo\Debug\EnemyUIComponent.obj
  C:\Users\kurih\source\repos\kuriharakento\KentoCompoEngine\project\..\generated\obj\KentoCompo\Debug\Cursor.obj
  C:\Users\kurih\source\repos\kuriharakento\KentoCompoEngine\project\..\generated\obj\KentoCompo\Debug\ControlsGuide.obj
  C:\Users\kurih\source\repos\kuriharakento\KentoCompoEngine\project\..\generated\obj\KentoCompo\Debug\SubEmitterModule.obj
  C:\Users\kurih\source\repos\kuriharakento\KentoCompoEngine\project\..\generated\obj\KentoCompo\Debug\ParticleEmitter.obj
  C:\Users\kurih\source\repos\kuriharakento\KentoCompoEngine\project\..\generated\obj\KentoCompo\Debug\ParticleManager.obj
  C:\Users\kurih\source\repos\kuriharakento\KentoCompoEngine\project\..\generated\obj\KentoCompo\Debug\ParticleEffect.obj
  C:\Users\kurih\source\repos\kuriharakento\KentoCompoEngine\project\..\generated\obj\KentoCompo\Debug\GPUSimulator.obj
  C:\Users\kurih\source\repos\kuriharakento\KentoCompoEngine\project\..\generated\obj\KentoCompo\Debug\GPUParticlePipeline.obj
  C:\Users\kurih\source\repos\kuriharakento\KentoCompoEngine\project\..\generated\obj\KentoCompo\Debug\SpriteRenderer.obj
  C:\Users\kurih\source\repos\kuriharakento\KentoCompoEngine\project\..\generated\obj\KentoCompo\Debug\MeshRenderer.obj
  C:\Users\kurih\source\repos\kuriharakento\KentoCompoEngine\project\..\generated\obj\KentoCompo\Debug\PrimitiveGenerator.obj
  C:\Users\kurih\source\repos\kuriharakento\KentoCompoEngine\project\..\generated\obj\KentoCompo\Debug\ParticleEditor.obj
  C:\Users\kurih\source\repos\kuriharakento\KentoCompoEngine\project\..\generated\obj\KentoCompo\Debug\TrailRenderer.obj
  C:\Users\kurih\source\repos\kuriharakento\KentoCompoEngine\project\..\generated\obj\KentoCompo\Debug\ParticleEffectSerializer.obj
  C:\Users\kurih\source\repos\kuriharakento\KentoCompoEngine\project\..\generated\obj\KentoCompo\Debug\BloomEffect.obj
  C:\Users\kurih\source\repos\kuriharakento\KentoCompoEngine\project\..\generated\obj\KentoCompo\Debug\DebugCamera.obj
  C:\Users\kurih\source\repos\kuriharakento\KentoCompoEngine\project\..\generated\obj\KentoCompo\Debug\CRTEffect.obj
  C:\Users\kurih\source\repos\kuriharakento\KentoCompoEngine\project\..\generated\obj\KentoCompo\Debug\BasePostEffect.obj
  C:\Users\kurih\source\repos\kuriharakento\KentoCompoEngine\project\..\generated\obj\KentoCompo\Debug\AABBColliderComponent.obj
  C:\Users\kurih\source\repos\kuriharakento\KentoCompoEngine\project\..\generated\obj\KentoCompo\Debug\Slide.obj
  C:\Users\kurih\source\repos\kuriharakento\KentoCompoEngine\project\..\generated\obj\KentoCompo\Debug\GameObject.obj
  C:\Users\kurih\source\repos\kuriharakento\KentoCompoEngine\project\..\generated\obj\KentoCompo\Debug\Character.obj
  C:\Users\kurih\source\repos\kuriharakento\KentoCompoEngine\project\..\generated\obj\KentoCompo\Debug\BulletComponent.obj
  C:\Users\kurih\source\repos\kuriharakento\KentoCompoEngine\project\..\generated\obj\KentoCompo\Debug\ICollisionComponent.obj
  C:\Users\kurih\source\repos\kuriharakento\KentoCompoEngine\project\..\generated\obj\KentoCompo\Debug\Bullet.obj
  C:\Users\kurih\source\repos\kuriharakento\KentoCompoEngine\project\..\generated\obj\KentoCompo\Debug\CollisionManager.obj
  C:\Users\kurih\source\repos\kuriharakento\KentoCompoEngine\project\..\generated\obj\KentoCompo\Debug\PostProcessPass.obj
  C:\Users\kurih\source\repos\kuriharakento\KentoCompoEngine\project\..\generated\obj\KentoCompo\Debug\RenderTexture.obj
  C:\Users\kurih\source\repos\kuriharakento\KentoCompoEngine\project\..\generated\obj\KentoCompo\Debug\TopDownCamera.obj
  C:\Users\kurih\source\repos\kuriharakento\KentoCompoEngine\project\..\generated\obj\KentoCompo\Debug\SkinnedModel.obj
  C:\Users\kurih\source\repos\kuriharakento\KentoCompoEngine\project\..\generated\obj\KentoCompo\Debug\SkinnedObject3d.obj
  C:\Users\kurih\source\repos\kuriharakento\KentoCompoEngine\project\..\generated\obj\KentoCompo\Debug\SkinningCompute.obj
  C:\Users\kurih\source\repos\kuriharakento\KentoCompoEngine\project\..\generated\obj\KentoCompo\Debug\Animator.obj
  C:\Users\kurih\source\repos\kuriharakento\KentoCompoEngine\project\..\generated\obj\KentoCompo\Debug\ShadowMapPipeline.obj
  C:\Users\kurih\source\repos\kuriharakento\KentoCompoEngine\project\..\generated\obj\KentoCompo\Debug\ShadowSystem.obj
  C:\Users\kurih\source\repos\kuriharakento\KentoCompoEngine\project\..\generated\obj\KentoCompo\Debug\LineManager.obj
  C:\Users\kurih\source\repos\kuriharakento\KentoCompoEngine\project\..\generated\obj\KentoCompo\Debug\Audio.obj
  C:\Users\kurih\source\repos\kuriharakento\KentoCompoEngine\project\..\generated\obj\KentoCompo\Debug\ShadowMapManager.obj
  C:\Users\kurih\source\repos\kuriharakento\KentoCompoEngine\project\..\generated\obj\KentoCompo\Debug\GBuffer.obj
  C:\Users\kurih\source\repos\kuriharakento\KentoCompoEngine\project\..\generated\obj\KentoCompo\Debug\GBufferPipeline.obj
  C:\Users\kurih\source\repos\kuriharakento\KentoCompoEngine\project\..\generated\obj\KentoCompo\Debug\LightPassPipeline.obj
  C:\Users\kurih\source\repos\kuriharakento\KentoCompoEngine\project\..\generated\obj\KentoCompo\Debug\DeferredRenderer.obj
  C:\Users\kurih\source\repos\kuriharakento\KentoCompoEngine\project\..\generated\obj\KentoCompo\Debug\CameraManager.obj
  C:\Users\kurih\source\repos\kuriharakento\KentoCompoEngine\project\..\generated\obj\KentoCompo\Debug\Sprite.obj
  C:\Users\kurih\source\repos\kuriharakento\KentoCompoEngine\project\..\generated\obj\KentoCompo\Debug\SpriteCommon.obj
  C:\Users\kurih\source\repos\kuriharakento\KentoCompoEngine\project\..\generated\obj\KentoCompo\Debug\Model.obj
  C:\Users\kurih\source\repos\kuriharakento\KentoCompoEngine\project\..\generated\obj\KentoCompo\Debug\ModelCommon.obj
  C:\Users\kurih\source\repos\kuriharakento\KentoCompoEngine\project\..\generated\obj\KentoCompo\Debug\ModelManager.obj
  C:\Users\kurih\source\repos\kuriharakento\KentoCompoEngine\project\..\generated\obj\KentoCompo\Debug\SkinnedModelManager.obj
  C:\Users\kurih\source\repos\kuriharakento\KentoCompoEngine\project\..\generated\obj\KentoCompo\Debug\Object3d.obj
  C:\Users\kurih\source\repos\kuriharakento\KentoCompoEngine\project\..\generated\obj\KentoCompo\Debug\Object3dCommon.obj
  C:\Users\kurih\source\repos\kuriharakento\KentoCompoEngine\project\..\generated\obj\KentoCompo\Debug\Camera.obj
  C:\Users\kurih\source\repos\kuriharakento\KentoCompoEngine\project\..\generated\obj\KentoCompo\Debug\D3DResourceLeakChecker.obj
  C:\Users\kurih\source\repos\kuriharakento\KentoCompoEngine\project\..\generated\obj\KentoCompo\Debug\DirectXCommon.obj
  C:\Users\kurih\source\repos\kuriharakento\KentoCompoEngine\project\..\generated\obj\KentoCompo\Debug\Logger.obj
  C:\Users\kurih\source\repos\kuriharakento\KentoCompoEngine\project\..\generated\obj\KentoCompo\Debug\StringUtility.obj
  C:\Users\kurih\source\repos\kuriharakento\KentoCompoEngine\project\..\generated\obj\KentoCompo\Debug\TextureManager.obj
  C:\Users\kurih\source\repos\kuriharakento\KentoCompoEngine\project\..\generated\obj\KentoCompo\Debug\WinApp.obj
  C:\Users\kurih\source\repos\kuriharakento\KentoCompoEngine\project\..\generated\obj\KentoCompo\Debug\Input.obj
  C:\Users\kurih\source\repos\kuriharakento\KentoCompoEngine\project\..\generated\obj\KentoCompo\Debug\MathUtils.obj
  C:\Users\kurih\source\repos\kuriharakento\KentoCompoEngine\project\..\generated\obj\KentoCompo\Debug\TimeManager.obj
  C:\Users\kurih\source\repos\kuriharakento\KentoCompoEngine\project\..\generated\obj\KentoCompo\Debug\imgui.obj
  C:\Users\kurih\source\repos\kuriharakento\KentoCompoEngine\project\..\generated\obj\KentoCompo\Debug\imgui_demo.obj
  C:\Users\kurih\source\repos\kuriharakento\KentoCompoEngine\project\..\generated\obj\KentoCompo\Debug\imgui_draw.obj
  C:\Users\kurih\source\repos\kuriharakento\KentoCompoEngine\project\..\generated\obj\KentoCompo\Debug\imgui_impl_dx12.obj
  C:\Users\kurih\source\repos\kuriharakento\KentoCompoEngine\project\..\generated\obj\KentoCompo\Debug\imgui_impl_win32.obj
  C:\Users\kurih\source\repos\kuriharakento\KentoCompoEngine\project\..\generated\obj\KentoCompo\Debug\imgui_tables.obj
  C:\Users\kurih\source\repos\kuriharakento\KentoCompoEngine\project\..\generated\obj\KentoCompo\Debug\imgui_widgets.obj
  C:\Users\kurih\source\repos\kuriharakento\KentoCompoEngine\project\..\generated\obj\KentoCompo\Debug\ImGuiManager.obj
  C:\Users\kurih\source\repos\kuriharakento\KentoCompoEngine\project\..\generated\obj\KentoCompo\Debug\Framework.obj
  C:\Users\kurih\source\repos\kuriharakento\KentoCompoEngine\project\..\generated\obj\KentoCompo\Debug\GamePlayScene.obj
  C:\Users\kurih\source\repos\kuriharakento\KentoCompoEngine\project\..\generated\obj\KentoCompo\Debug\LightManager.obj
  C:\Users\kurih\source\repos\kuriharakento\KentoCompoEngine\project\..\generated\obj\KentoCompo\Debug\Line.obj
  C:\Users\kurih\source\repos\kuriharakento\KentoCompoEngine\project\..\generated\obj\KentoCompo\Debug\LineCommon.obj
  C:\Users\kurih\source\repos\kuriharakento\KentoCompoEngine\project\..\generated\obj\KentoCompo\Debug\JsonEditorManager.obj
  C:\Users\kurih\source\repos\kuriharakento\KentoCompoEngine\project\..\generated\obj\KentoCompo\Debug\JsonEditableBase.obj
  C:\Users\kurih\source\repos\kuriharakento\KentoCompoEngine\project\..\generated\obj\KentoCompo\Debug\FollowCamera.obj
  C:\Users\kurih\source\repos\kuriharakento\KentoCompoEngine\project\..\generated\obj\KentoCompo\Debug\PistolComponent.obj
  C:\Users\kurih\source\repos\kuriharakento\KentoCompoEngine\project\..\generated\obj\KentoCompo\Debug\GrayscaleEffect.obj
  C:\Users\kurih\source\repos\kuriharakento\KentoCompoEngine\project\..\generated\obj\KentoCompo\Debug\GravityPhysicsComponent.obj
  C:\Users\kurih\source\repos\kuriharakento\KentoCompoEngine\project\..\generated\obj\KentoCompo\Debug\JsonSerialization.obj
  C:\Users\kurih\source\repos\kuriharakento\KentoCompoEngine\project\..\generated\obj\KentoCompo\Debug\JsonEditorImGuiUtils.obj
  C:\Users\kurih\source\repos\kuriharakento\KentoCompoEngine\project\..\generated\obj\KentoCompo\Debug\InverterNode.obj
  C:\Users\kurih\source\repos\kuriharakento\KentoCompoEngine\project\..\generated\obj\KentoCompo\Debug\Knife.obj
  C:\Users\kurih\source\repos\kuriharakento\KentoCompoEngine\project\..\generated\obj\KentoCompo\Debug\GameClearScene.obj
  C:\Users\kurih\source\repos\kuriharakento\KentoCompoEngine\project\..\generated\obj\KentoCompo\Debug\GameOverScene.obj
  C:\Users\kurih\source\repos\kuriharakento\KentoCompoEngine\project\..\generated\obj\KentoCompo\Debug\GameUI.obj
  C:\Users\kurih\source\repos\kuriharakento\KentoCompoEngine\project\..\generated\obj\KentoCompo\Debug\PoseMenu.obj
  C:\Users\kurih\source\repos\kuriharakento\KentoCompoEngine\project\..\generated\obj\KentoCompo\Debug\FontSprite.obj
  C:\Users\kurih\source\repos\kuriharakento\KentoCompoEngine\project\..\generated\obj\KentoCompo\Debug\main.obj
  C:\Users\kurih\source\repos\kuriharakento\KentoCompoEngine\project\..\generated\obj\KentoCompo\Debug\SrvManager.obj
  C:\Users\kurih\source\repos\kuriharakento\KentoCompoEngine\project\..\generated\obj\KentoCompo\Debug\MyGame.obj
  C:\Users\kurih\source\repos\kuriharakento\KentoCompoEngine\project\..\generated\obj\KentoCompo\Debug\TitleScene.obj
  C:\Users\kurih\source\repos\kuriharakento\KentoCompoEngine\project\..\generated\obj\KentoCompo\Debug\SceneManager.obj
  C:\Users\kurih\source\repos\kuriharakento\KentoCompoEngine\project\..\generated\obj\KentoCompo\Debug\SceneFactory.obj
  C:\Users\kurih\source\repos\kuriharakento\KentoCompoEngine\project\..\generated\obj\KentoCompo\Debug\OrbitCameraWork.obj
  C:\Users\kurih\source\repos\kuriharakento\KentoCompoEngine\project\..\generated\obj\KentoCompo\Debug\SplineData.obj
  C:\Users\kurih\source\repos\kuriharakento\KentoCompoEngine\project\..\generated\obj\KentoCompo\Debug\Spline.obj
  C:\Users\kurih\source\repos\kuriharakento\KentoCompoEngine\project\..\generated\obj\KentoCompo\Debug\SplineCamera.obj
  C:\Users\kurih\source\repos\kuriharakento\KentoCompoEngine\project\..\generated\obj\KentoCompo\Debug\ParticlePipelineManager.obj
  C:\Users\kurih\source\repos\kuriharakento\KentoCompoEngine\project\..\generated\obj\KentoCompo\Debug\InstancedModelPipelineManager.obj
  C:\Users\kurih\source\repos\kuriharakento\KentoCompoEngine\project\..\generated\obj\KentoCompo\Debug\SkinningPipelineManager.obj
  C:\Users\kurih\source\repos\kuriharakento\KentoCompoEngine\project\..\generated\obj\KentoCompo\Debug\MoveComponent.obj
  C:\Users\kurih\source\repos\kuriharakento\KentoCompoEngine\project\..\generated\obj\KentoCompo\Debug\Player.obj
  C:\Users\kurih\source\repos\kuriharakento\KentoCompoEngine\project\..\generated\obj\KentoCompo\Debug\OBBColliderComponent.obj
  C:\Users\kurih\source\repos\kuriharakento\KentoCompoEngine\project\..\generated\obj\KentoCompo\Debug\PostProcessManager.obj
  C:\Users\kurih\source\repos\kuriharakento\KentoCompoEngine\project\..\generated\obj\KentoCompo\Debug\VignetteEffect.obj
  C:\Users\kurih\source\repos\kuriharakento\KentoCompoEngine\project\..\generated\obj\KentoCompo\Debug\NoiseEffect.obj
  C:\Users\kurih\source\repos\kuriharakento\KentoCompoEngine\project\..\generated\obj\KentoCompo\Debug\Skybox.obj
  C:\Users\kurih\source\repos\kuriharakento\KentoCompoEngine\project\..\generated\obj\KentoCompo\Debug\ShotgunComponent.obj
  C:\Users\kurih\source\repos\kuriharakento\KentoCompoEngine\project\..\generated\obj\KentoCompo\Debug\Obstacle.obj
  C:\Users\kurih\source\repos\kuriharakento\KentoCompoEngine\project\..\generated\obj\KentoCompo\Debug\ObstacleManager.obj
  C:\Users\kurih\source\repos\kuriharakento\KentoCompoEngine\project\..\generated\obj\KentoCompo\Debug\ObstacleData.obj
  C:\Users\kurih\source\repos\kuriharakento\KentoCompoEngine\project\..\generated\obj\KentoCompo\Debug\SequenceNode.obj
  C:\Users\kurih\source\repos\kuriharakento\KentoCompoEngine\project\..\generated\obj\KentoCompo\Debug\SelectorNode.obj
  C:\Users\kurih\source\repos\kuriharakento\KentoCompoEngine\project\..\generated\obj\KentoCompo\Debug\StageEditScene.obj
  C:\Users\kurih\source\repos\kuriharakento\KentoCompoEngine\project\..\generated\obj\KentoCompo\Debug\StageManager.obj
  C:\Users\kurih\source\repos\kuriharakento\KentoCompoEngine\project\..\generated\obj\KentoCompo\Debug\StageData.obj
  C:\Users\kurih\source\repos\kuriharakento\KentoCompoEngine\project\..\generated\obj\KentoCompo\Debug\Timer.obj
  C:\Users\kurih\source\repos\kuriharakento\KentoCompoEngine\project\..\generated\obj\KentoCompo\Debug\TimerManager.obj
  C:\Users\kurih\source\repos\kuriharakento\KentoCompoEngine\project\..\generated\obj\KentoCompo\Debug\ParallelNode.obj
  C:\Users\kurih\source\repos\kuriharakento\KentoCompoEngine\project\..\generated\obj\KentoCompo\Debug\Stage.obj
  C:\Users\kurih\source\repos\kuriharakento\KentoCompoEngine\project\..\generated\obj\KentoCompo\Debug\Wave.obj
  C:\Users\kurih\source\repos\kuriharakento\KentoCompoEngine\project\..\generated\obj\KentoCompo\Debug\WaveManager.obj
  C:\Users\kurih\source\repos\kuriharakento\KentoCompoEngine\project\..\generated\obj\KentoCompo\Debug\Minimap.obj
  C:\Users\kurih\source\repos\kuriharakento\KentoCompoEngine\project\..\generated\obj\KentoCompo\Debug\ParticleTestScene.obj
  C:\Users\kurih\source\repos\kuriharakento\KentoCompoEngine\project\..\generated\obj\KentoCompo\Debug\NumberSprite.obj
  C:\Users\kurih\source\repos\kuriharakento\KentoCompoEngine\project\..\generated\obj\KentoCompo\Debug\StatusComponent.obj
  C:\Users\kurih\source\repos\kuriharakento\KentoCompoEngine\project\..\generated\obj\KentoCompo\Debug\SceneTransitionEffect.obj
  C:\Users\kurih\source\repos\kuriharakento\KentoCompoEngine\project\..\generated\obj\KentoCompo\Debug\PlayerUIComponent.obj
  C:\Users\kurih\source\repos\kuriharakento\KentoCompoEngine\project\..\generated\obj\KentoCompo\Debug\WeaponManagerComponent.obj
  C:\Users\kurih\source\repos\kuriharakento\KentoCompoEngine\generated\outputs\Debug\DirectXTex.lib
  KentoCompo.vcxproj -> C:\Users\kurih\source\repos\kuriharakento\KentoCompoEngine\generated\outputs\Debug\KentoCompo.exe
PostBuildEvent:
  copy "C:\Program Files (x86)\Windows Kits\10\bin\10.0.26100.0\x64\dxcompiler.dll" "C:\Users\kurih\source\repos\kuriharakento\KentoCompoEngine\generated\outputs\Debug\dxcompiler.dll"
  copy "C:\Program Files (x86)\Windows Kits\10\bin\10.0.26100.0\x64\dxil.dll" "C:\Users\kurih\source\repos\kuriharakento\KentoCompoEngine\generated\outputs\Debug\dxil.dll"
  :VCEnd
          1 蛟九・繝輔ぃ繧､繝ｫ繧偵さ繝斐・縺励∪縺励◆縲・
          1 蛟九・繝輔ぃ繧､繝ｫ繧偵さ繝斐・縺励∪縺励◆縲・
FinalizeBuildStatus:
  繝輔ぃ繧､繝ｫ "C:\Users\kurih\source\repos\kuriharakento\KentoCompoEngine\project\..\generated\obj\KentoCompo\Debug\KentoCompo.tlog\unsuccessfulbuild" 繧貞炎髯､縺励※縺・∪縺吶・
  "C:\Users\kurih\source\repos\kuriharakento\KentoCompoEngine\project\..\generated\obj\KentoCompo\Debug\KentoCompo.tlog\KentoCompo.lastbuildstate" 縺ｮ繧ｿ繝・メ 繧ｿ繧ｹ繧ｯ繧貞ｮ溯｡後＠縺ｦ縺・∪縺吶・
繝励Ο繧ｸ繧ｧ繧ｯ繝・"C:\Users\kurih\source\repos\kuriharakento\KentoCompoEngine\project\KentoCompo.vcxproj" (譌｢螳壹・繧ｿ繝ｼ繧ｲ繝・ヨ) 縺ｮ繝薙Ν繝峨′螳御ｺ・＠縺ｾ縺励◆縲・
繝励Ο繧ｸ繧ｧ繧ｯ繝・"C:\Users\kurih\source\repos\kuriharakento\KentoCompoEngine\project\KentoCompo.sln" (1) 縺ｯ縲√ヮ繝ｼ繝・1 荳翫↓ "C:\Users\kurih\source\repos\kuriharakento\KentoCompoEngine\project\externals\ImGui\ImGui.vcxproj" (4) 繧偵ン繝ｫ繝峨＠縺ｦ縺・∪縺・(譌｢螳壹・繧ｿ繝ｼ繧ｲ繝・ヨ)縲・
PrepareForBuild:
  讒矩蛹門・蜉帙′譛牙柑縺ｫ縺ｪ縺｣縺ｦ縺・∪縺吶ゅさ繝ｳ繝代う繝ｩ險ｺ譁ｭ縺ｮ譖ｸ蠑剰ｨｭ螳壹↓縺ｯ繧ｨ繝ｩ繝ｼ髫主ｱ､縺悟渚譏縺輔ｌ縺ｾ縺吶りｩｳ邏ｰ縺ｫ縺､縺・※縺ｯ縲”ttps://aka.ms/cpp/structured-output 繧貞盾辣ｧ縺励※縺上□縺輔＞縲・
InitializeBuildStatus:
  "AlwaysCreate" 縺梧欠螳壹＆繧後◆縺溘ａ "C:\Users\kurih\source\repos\kuriharakento\KentoCompoEngine\project\..\Generated\obj\ImGui\Debug\ImGui.tlog\unsuccessfulbuild" 繧剃ｽ懈・縺励※縺・∪縺吶・
  "C:\Users\kurih\source\repos\kuriharakento\KentoCompoEngine\project\..\Generated\obj\ImGui\Debug\ImGui.tlog\unsuccessfulbuild" 縺ｮ繧ｿ繝・メ 繧ｿ繧ｹ繧ｯ繧貞ｮ溯｡後＠縺ｦ縺・∪縺吶・
FinalizeBuildStatus:
  繝輔ぃ繧､繝ｫ "C:\Users\kurih\source\repos\kuriharakento\KentoCompoEngine\project\..\Generated\obj\ImGui\Debug\ImGui.tlog\unsuccessfulbuild" 繧貞炎髯､縺励※縺・∪縺吶・
  "C:\Users\kurih\source\repos\kuriharakento\KentoCompoEngine\project\..\Generated\obj\ImGui\Debug\ImGui.tlog\ImGui.lastbuildstate" 縺ｮ繧ｿ繝・メ 繧ｿ繧ｹ繧ｯ繧貞ｮ溯｡後＠縺ｦ縺・∪縺吶・
繝励Ο繧ｸ繧ｧ繧ｯ繝・"C:\Users\kurih\source\repos\kuriharakento\KentoCompoEngine\project\externals\ImGui\ImGui.vcxproj" (譌｢螳壹・繧ｿ繝ｼ繧ｲ繝・ヨ) 縺ｮ繝薙Ν繝峨′螳御ｺ・＠縺ｾ縺励◆縲・
繝励Ο繧ｸ繧ｧ繧ｯ繝・"C:\Users\kurih\source\repos\kuriharakento\KentoCompoEngine\project\KentoCompo.sln" (Build 繧ｿ繝ｼ繧ｲ繝・ヨ) 縺ｮ繝薙Ν繝峨′螳御ｺ・＠縺ｾ縺励◆縲・

繝薙Ν繝峨↓謌仙粥縺励∪縺励◆縲・
    0 蛟九・隴ｦ蜻・
    0 繧ｨ繝ｩ繝ｼ

邨碁℃譎る俣 00:00:04.86
