MSBuild 縺ｮ繝舌・繧ｸ繝ｧ繝ｳ 18.4.0+6e61e96ac (.NET Framework)
2026/03/29 4:37:56 縺ｫ繝薙Ν繝峨ｒ髢句ｧ九＠縺ｾ縺励◆縲・

繝弱・繝・1 荳翫・繝励Ο繧ｸ繧ｧ繧ｯ繝・"C:\Users\kurih\source\repos\kuriharakento\KentoCompoEngine\project\KentoCompo.sln" (Build 繧ｿ繝ｼ繧ｲ繝・ヨ)縲・
ValidateSolutionConfiguration:
  繧ｽ繝ｪ繝･繝ｼ繧ｷ繝ｧ繝ｳ讒区・ "Debug|x64" 繧偵ン繝ｫ繝峨＠縺ｦ縺・∪縺吶・
繝励Ο繧ｸ繧ｧ繧ｯ繝・"C:\Users\kurih\source\repos\kuriharakento\KentoCompoEngine\project\KentoCompo.sln" (1) 縺ｯ縲√ヮ繝ｼ繝・1 荳翫↓ "C:\Users\kurih\source\repos\kuriharakento\KentoCompoEngine\project\KentoCompo.vcxproj" (2) 繧偵ン繝ｫ繝峨＠縺ｦ縺・∪縺・(譌｢螳壹・繧ｿ繝ｼ繧ｲ繝・ヨ)縲・
繝励Ο繧ｸ繧ｧ繧ｯ繝・"C:\Users\kurih\source\repos\kuriharakento\KentoCompoEngine\project\KentoCompo.vcxproj" (2) 縺ｯ縲√ヮ繝ｼ繝・1 荳翫↓ "C:\Users\kurih\source\repos\kuriharakento\KentoCompoEngine\project\externals\DirectXTex\DirectXTex_Desktop_2022_Win10.vcxproj" (3) 繧偵ン繝ｫ繝峨＠縺ｦ縺・∪縺・(譌｢螳壹・繧ｿ繝ｼ繧ｲ繝・ヨ)縲・
PrepareForBuild:
  讒矩蛹門・蜉帙′譛牙柑縺ｫ縺ｪ縺｣縺ｦ縺・∪縺吶ゅさ繝ｳ繝代う繝ｩ險ｺ譁ｭ縺ｮ譖ｸ蠑剰ｨｭ螳壹↓縺ｯ繧ｨ繝ｩ繝ｼ髫主ｱ､縺悟渚譏縺輔ｌ縺ｾ縺吶りｩｳ邏ｰ縺ｫ縺､縺・※縺ｯ縲”ttps://aka.ms/cpp/structured-output 繧貞盾辣ｧ縺励※縺上□縺輔＞縲・
InitializeBuildStatus:
  "AlwaysCreate" 縺梧欠螳壹＆繧後◆縺溘ａ "C:\Users\kurih\source\repos\kuriharakento\KentoCompoEngine\project\..\generated\obj\DirectXTex\Debug\DirectXTex.tlog\unsuccessfulbuild" 繧剃ｽ懈・縺励※縺・∪縺吶・
  "C:\Users\kurih\source\repos\kuriharakento\KentoCompoEngine\project\..\generated\obj\DirectXTex\Debug\DirectXTex.tlog\unsuccessfulbuild" 縺ｮ繧ｿ繝・メ 繧ｿ繧ｹ繧ｯ繧貞ｮ溯｡後＠縺ｦ縺・∪縺吶・
ClCompile:
  縺吶∋縺ｦ縺ｮ蜃ｺ蜉帙′譛譁ｰ縺ｮ繧ゅ・縺ｧ縺吶・
  縺吶∋縺ｦ縺ｮ蜃ｺ蜉帙′譛譁ｰ縺ｮ繧ゅ・縺ｧ縺吶・
Lib:
  縺吶∋縺ｦ縺ｮ蜃ｺ蜉帙′譛譁ｰ縺ｮ繧ゅ・縺ｧ縺吶・
  "C:\Users\kurih\source\repos\kuriharakento\KentoCompoEngine\generated\obj\DirectXTex\Debug\DirectXTex.pdb" 縺九ｉ "C:\Users\kurih\source\repos\kuriharakento\KentoCompoEngine\generated\outputs\Debug\DirectXTex.pdb" 縺ｸ繝輔ぃ繧､繝ｫ繧偵さ繝斐・縺励※縺・∪縺吶・
  DirectXTex_Desktop_2022_Win10.vcxproj -> C:\Users\kurih\source\repos\kuriharakento\KentoCompoEngine\generated\outputs\Debug\DirectXTex.lib
FinalizeBuildStatus:
  繝輔ぃ繧､繝ｫ "C:\Users\kurih\source\repos\kuriharakento\KentoCompoEngine\project\..\generated\obj\DirectXTex\Debug\DirectXTex.tlog\unsuccessfulbuild" 繧貞炎髯､縺励※縺・∪縺吶・
  "C:\Users\kurih\source\repos\kuriharakento\KentoCompoEngine\project\..\generated\obj\DirectXTex\Debug\DirectXTex.tlog\DirectXTex.lastbuildstate" 縺ｮ繧ｿ繝・メ 繧ｿ繧ｹ繧ｯ繧貞ｮ溯｡後＠縺ｦ縺・∪縺吶・
繝励Ο繧ｸ繧ｧ繧ｯ繝・"C:\Users\kurih\source\repos\kuriharakento\KentoCompoEngine\project\externals\DirectXTex\DirectXTex_Desktop_2022_Win10.vcxproj" (譌｢螳壹・繧ｿ繝ｼ繧ｲ繝・ヨ) 縺ｮ繝薙Ν繝峨′螳御ｺ・＠縺ｾ縺励◆縲・
PrepareForBuild:
  讒矩蛹門・蜉帙′譛牙柑縺ｫ縺ｪ縺｣縺ｦ縺・∪縺吶ゅさ繝ｳ繝代う繝ｩ險ｺ譁ｭ縺ｮ譖ｸ蠑剰ｨｭ螳壹↓縺ｯ繧ｨ繝ｩ繝ｼ髫主ｱ､縺悟渚譏縺輔ｌ縺ｾ縺吶りｩｳ邏ｰ縺ｫ縺､縺・※縺ｯ縲”ttps://aka.ms/cpp/structured-output 繧貞盾辣ｧ縺励※縺上□縺輔＞縲・
InitializeBuildStatus:
  "C:\Users\kurih\source\repos\kuriharakento\KentoCompoEngine\project\..\generated\obj\KentoCompo\Debug\KentoCompo.tlog\unsuccessfulbuild" 縺ｮ繧ｿ繝・メ 繧ｿ繧ｹ繧ｯ繧貞ｮ溯｡後＠縺ｦ縺・∪縺吶・
ClCompile:
  C:\Program Files\Microsoft Visual Studio\2022\Community\VC\Tools\MSVC\14.44.35207\bin\HostX86\x64\CL.exe /c /IC:\Users\kurih\source\repos\kuriharakento\KentoCompoEngine\project\engine\ /IC:\Users\kurih\source\repos\kuriharakento\KentoCompoEngine\project\ /IC:\Users\kurih\source\repos\kuriharakento\KentoCompoEngine\project\externals\ /IC:\Users\kurih\source\repos\kuriharakento\KentoCompoEngine\project\externals\assimp\include /ZI /JMC /nologo /W3 /WX /diagnostics:column /sdl /MP /Od /D _DEBUG /D _WINDOWS /D USE_IMGUI /D _UNICODE /D UNICODE /Gm- /EHsc /RTC1 /MTd /GS /fp:precise /Zc:wchar_t /Zc:forScope /Zc:inline /std:c++20 /permissive- /Fo"C:\Users\kurih\source\repos\kuriharakento\KentoCompoEngine\project\..\generated\obj\KentoCompo\Debug\\" /Fd"C:\Users\kurih\source\repos\kuriharakento\KentoCompoEngine\project\..\generated\obj\KentoCompo\Debug\vc143.pdb" /external:W3 /Gd /TP /FC /errorReport:queue /utf-8 /FS application\ecs\systems\EnemySpawnSystem.cpp
  EnemySpawnSystem.cpp
C:\Program Files\Microsoft Visual Studio\2022\Community\VC\Tools\MSVC\14.44.35207\include\xmemory(730,14): error C2672: 'std::construct_at': 荳閾ｴ縺吶ｋ繧ｪ繝ｼ繝舌・繝ｭ繝ｼ繝峨＆繧後◆髢｢謨ｰ縺瑚ｦ九▽縺九ｊ縺ｾ縺帙ｓ縺ｧ縺励◆縲・[C:\Users\kurih\source\repos\kuriharakento\KentoCompoEngine\project\KentoCompo.vcxproj]
  (繧ｽ繝ｼ繧ｹ 繝輔ぃ繧､繝ｫ 'application/ecs/systems/EnemySpawnSystem.cpp' 繧偵さ繝ｳ繝代う繝ｫ縺励※縺・∪縺・
      C:\Program Files\Microsoft Visual Studio\2022\Community\VC\Tools\MSVC\14.44.35207\include\xutility(461,16):
      '_Ty *std::construct_at(_Ty *const ,_Types ...) noexcept(<expr>)' 縺ｮ蜿ｯ閭ｽ諤ｧ縺後≠繧翫∪縺・
          C:\Program Files\Microsoft Visual Studio\2022\Community\VC\Tools\MSVC\14.44.35207\include\xmemory(730,14):
          髢｢騾｣縺吶ｋ蛻ｶ邏・′貅縺溘＆繧後※縺・∪縺帙ｓ
              C:\Program Files\Microsoft Visual Studio\2022\Community\VC\Tools\MSVC\14.44.35207\include\xutility(459,50):
              'std::unique_ptr<BuffInstance,std::default_delete<BuffInstance>>::unique_ptr(const std::unique_ptr<BuffInstance,std::default_delete<BuffInstance>> &)': 蜑企勁縺輔ｌ縺滄未謨ｰ繧貞盾辣ｧ縺励ｈ縺・→縺励※縺・∪縺・
                  C:\Program Files\Microsoft Visual Studio\2022\Community\VC\Tools\MSVC\14.44.35207\include\memory(3475,5):
                  'std::unique_ptr<BuffInstance,std::default_delete<BuffInstance>>::unique_ptr(const std::unique_ptr<BuffInstance,std::default_delete<BuffInstance>> &)': 髢｢謨ｰ縺ｯ譏守､ｺ逧・↓蜑企勁縺輔ｌ縺ｾ縺励◆
              C:\Program Files\Microsoft Visual Studio\2022\Community\VC\Tools\MSVC\14.44.35207\include\memory(3475,5):
              'std::unique_ptr<BuffInstance,std::default_delete<BuffInstance>>::unique_ptr' 縺ｮ螳｣險繧堤｢ｺ隱阪＠縺ｦ縺上□縺輔＞
              C:\Program Files\Microsoft Visual Studio\2022\Community\VC\Tools\MSVC\14.44.35207\include\xutility(459,50):
              'std::unique_ptr<BuffInstance,std::default_delete<BuffInstance>>::unique_ptr(const std::unique_ptr<BuffInstance,std::default_delete<BuffInstance>> &)': 蜑企勁縺輔ｌ縺滄未謨ｰ繧貞盾辣ｧ縺励ｈ縺・→縺励※縺・∪縺・
                  C:\Program Files\Microsoft Visual Studio\2022\Community\VC\Tools\MSVC\14.44.35207\include\memory(3475,5):
                  'std::unique_ptr<BuffInstance,std::default_delete<BuffInstance>>::unique_ptr(const std::unique_ptr<BuffInstance,std::default_delete<BuffInstance>> &)': 髢｢謨ｰ縺ｯ譏守､ｺ逧・↓蜑企勁縺輔ｌ縺ｾ縺励◆
              C:\Program Files\Microsoft Visual Studio\2022\Community\VC\Tools\MSVC\14.44.35207\include\memory(3475,5):
              'std::unique_ptr<BuffInstance,std::default_delete<BuffInstance>>::unique_ptr' 縺ｮ螳｣險繧堤｢ｺ隱阪＠縺ｦ縺上□縺輔＞
      C:\Program Files\Microsoft Visual Studio\2022\Community\VC\Tools\MSVC\14.44.35207\include\xmemory(730,14):
      繝・Φ繝励Ξ繝ｼ繝医う繝ｳ繧ｹ繧ｿ繝ｳ繧ｹ蛹悶さ繝ｳ繝・く繧ｹ繝・(譛蛻昴↓譛繧ょ商縺・ｂ縺ｮ) 縺ｯ
          C:\Users\kurih\source\repos\kuriharakento\KentoCompoEngine\project\application\gameObject\combatable\base\StatusSystem.h(364,48):
          繧ｳ繝ｳ繝代う繝ｫ蟇ｾ雎｡縺ｮ 繧ｯ繝ｩ繧ｹ 繝・Φ繝励Ξ繝ｼ繝・繧､繝ｳ繧ｹ繧ｿ繝ｳ繧ｹ蛹・'std::vector<std::unique_ptr<BuffInstance,std::default_delete<BuffInstance>>,std::allocator<std::unique_ptr<BuffInstance,std::default_delete<BuffInstance>>>>' 縺ｮ繝ｪ繝輔ぃ繝ｬ繝ｳ繧ｹ繧堤｢ｺ隱阪＠縺ｦ縺上□縺輔＞
          C:\Program Files\Microsoft Visual Studio\2022\Community\VC\Tools\MSVC\14.44.35207\include\vector(745,5):
          繧ｯ繝ｩ繧ｹ 繝・Φ繝励Ξ繝ｼ繝・繝｡繝ｳ繝舌・髢｢謨ｰ 'std::vector<std::unique_ptr<BuffInstance,std::default_delete<BuffInstance>>,std::allocator<std::unique_ptr<BuffInstance,std::default_delete<BuffInstance>>>>::vector(const std::vector<std::unique_ptr<BuffInstance,std::default_delete<BuffInstance>>,std::allocator<std::unique_ptr<BuffInstance,std::default_delete<BuffInstance>>>> &)' 縺ｮ繧ｳ繝ｳ繝代う繝ｫ荳ｭ
              C:\Users\kurih\source\repos\kuriharakento\KentoCompoEngine\project\application\gameObject\combatable\base\StatusSystem.h(367,1):
              'StatusValue::StatusValue' 縺ｮ 'std::vector<std::unique_ptr<BuffInstance,std::default_delete<BuffInstance>>,std::allocator<std::unique_ptr<BuffInstance,std::default_delete<BuffInstance>>>>::vector' 縺ｸ縺ｮ譛蛻昴・蜿ら・繧貞盾辣ｧ縺励※縺上□縺輔＞
          C:\Program Files\Microsoft Visual Studio\2022\Community\VC\Tools\MSVC\14.44.35207\include\vector(749,9):
          繧ｳ繝ｳ繝代う繝ｫ蟇ｾ雎｡縺ｮ髢｢謨ｰ 繝・Φ繝励Ξ繝ｼ繝・繧､繝ｳ繧ｹ繧ｿ繝ｳ繧ｹ蛹・'void std::vector<std::unique_ptr<BuffInstance,std::default_delete<BuffInstance>>,std::allocator<std::unique_ptr<BuffInstance,std::default_delete<BuffInstance>>>>::_Construct_n<std::unique_ptr<BuffInstance,std::default_delete<BuffInstance>>*const &,std::unique_ptr<BuffInstance,std::default_delete<BuffInstance>>*const &>(const unsigned __int64,std::unique_ptr<BuffInstance,std::default_delete<BuffInstance>> *const &,std::unique_ptr<BuffInstance,std::default_delete<BuffInstance>> *const &)' 縺ｮ繝ｪ繝輔ぃ繝ｬ繝ｳ繧ｹ繧堤｢ｺ隱阪＠縺ｦ縺上□縺輔＞
          C:\Program Files\Microsoft Visual Studio\2022\Community\VC\Tools\MSVC\14.44.35207\include\vector(2120,41):
          繧ｳ繝ｳ繝代う繝ｫ蟇ｾ雎｡縺ｮ髢｢謨ｰ 繝・Φ繝励Ξ繝ｼ繝・繧､繝ｳ繧ｹ繧ｿ繝ｳ繧ｹ蛹・'std::unique_ptr<BuffInstance,std::default_delete<BuffInstance>> *std::_Uninitialized_copy<std::unique_ptr<BuffInstance,std::default_delete<BuffInstance>>*,std::unique_ptr<BuffInstance,std::default_delete<BuffInstance>>*,std::allocator<std::unique_ptr<BuffInstance,std::default_delete<BuffInstance>>>>(_InIt,_Se,std::unique_ptr<BuffInstance,std::default_delete<BuffInstance>> *,_Alloc &)' 縺ｮ繝ｪ繝輔ぃ繝ｬ繝ｳ繧ｹ繧堤｢ｺ隱阪＠縺ｦ縺上□縺輔＞
          with
          [
              _InIt=std::unique_ptr<BuffInstance,std::default_delete<BuffInstance>> *,
              _Se=std::unique_ptr<BuffInstance,std::default_delete<BuffInstance>> *,
              _Alloc=std::allocator<std::unique_ptr<BuffInstance,std::default_delete<BuffInstance>>>
          ]
          C:\Program Files\Microsoft Visual Studio\2022\Community\VC\Tools\MSVC\14.44.35207\include\xmemory(1902,18):
          繧ｳ繝ｳ繝代う繝ｫ蟇ｾ雎｡縺ｮ髢｢謨ｰ 繝・Φ繝励Ξ繝ｼ繝・繧､繝ｳ繧ｹ繧ｿ繝ｳ繧ｹ蛹・'void std::_Uninitialized_backout_al<std::allocator<std::unique_ptr<BuffInstance,std::default_delete<BuffInstance>>>>::_Emplace_back<std::unique_ptr<BuffInstance,std::default_delete<BuffInstance>>&>(std::unique_ptr<BuffInstance,std::default_delete<BuffInstance>> &)' 縺ｮ繝ｪ繝輔ぃ繝ｬ繝ｳ繧ｹ繧堤｢ｺ隱阪＠縺ｦ縺上□縺輔＞
          C:\Program Files\Microsoft Visual Studio\2022\Community\VC\Tools\MSVC\14.44.35207\include\xmemory(1844,35):
          繧ｳ繝ｳ繝代う繝ｫ蟇ｾ雎｡縺ｮ髢｢謨ｰ 繝・Φ繝励Ξ繝ｼ繝・繧､繝ｳ繧ｹ繧ｿ繝ｳ繧ｹ蛹・'void std::_Default_allocator_traits<_Alloc>::construct<_Ty,std::unique_ptr<BuffInstance,std::default_delete<BuffInstance>>&>(_Alloc &,_Objty *const ,std::unique_ptr<BuffInstance,std::default_delete<BuffInstance>> &)' 縺ｮ繝ｪ繝輔ぃ繝ｬ繝ｳ繧ｹ繧堤｢ｺ隱阪＠縺ｦ縺上□縺輔＞
          with
          [
              _Alloc=std::allocator<std::unique_ptr<BuffInstance,std::default_delete<BuffInstance>>>,
              _Ty=std::unique_ptr<BuffInstance,std::default_delete<BuffInstance>>,
              _Objty=std::unique_ptr<BuffInstance,std::default_delete<BuffInstance>>
          ]
  
繝励Ο繧ｸ繧ｧ繧ｯ繝・"C:\Users\kurih\source\repos\kuriharakento\KentoCompoEngine\project\KentoCompo.vcxproj" (譌｢螳壹・繧ｿ繝ｼ繧ｲ繝・ヨ) 縺ｮ繝薙Ν繝峨′邨ゆｺ・＠縺ｾ縺励◆ -- 螟ｱ謨励・
繝励Ο繧ｸ繧ｧ繧ｯ繝・"C:\Users\kurih\source\repos\kuriharakento\KentoCompoEngine\project\KentoCompo.sln" (1) 縺ｯ縲√ヮ繝ｼ繝・1 荳翫↓ "C:\Users\kurih\source\repos\kuriharakento\KentoCompoEngine\project\externals\ImGui\ImGui.vcxproj" (4) 繧偵ン繝ｫ繝峨＠縺ｦ縺・∪縺・(譌｢螳壹・繧ｿ繝ｼ繧ｲ繝・ヨ)縲・
PrepareForBuild:
  讒矩蛹門・蜉帙′譛牙柑縺ｫ縺ｪ縺｣縺ｦ縺・∪縺吶ゅさ繝ｳ繝代う繝ｩ險ｺ譁ｭ縺ｮ譖ｸ蠑剰ｨｭ螳壹↓縺ｯ繧ｨ繝ｩ繝ｼ髫主ｱ､縺悟渚譏縺輔ｌ縺ｾ縺吶りｩｳ邏ｰ縺ｫ縺､縺・※縺ｯ縲”ttps://aka.ms/cpp/structured-output 繧貞盾辣ｧ縺励※縺上□縺輔＞縲・
InitializeBuildStatus:
  "AlwaysCreate" 縺梧欠螳壹＆繧後◆縺溘ａ "C:\Users\kurih\source\repos\kuriharakento\KentoCompoEngine\project\..\Generated\obj\ImGui\Debug\ImGui.tlog\unsuccessfulbuild" 繧剃ｽ懈・縺励※縺・∪縺吶・
  "C:\Users\kurih\source\repos\kuriharakento\KentoCompoEngine\project\..\Generated\obj\ImGui\Debug\ImGui.tlog\unsuccessfulbuild" 縺ｮ繧ｿ繝・メ 繧ｿ繧ｹ繧ｯ繧貞ｮ溯｡後＠縺ｦ縺・∪縺吶・
FinalizeBuildStatus:
  繝輔ぃ繧､繝ｫ "C:\Users\kurih\source\repos\kuriharakento\KentoCompoEngine\project\..\Generated\obj\ImGui\Debug\ImGui.tlog\unsuccessfulbuild" 繧貞炎髯､縺励※縺・∪縺吶・
  "C:\Users\kurih\source\repos\kuriharakento\KentoCompoEngine\project\..\Generated\obj\ImGui\Debug\ImGui.tlog\ImGui.lastbuildstate" 縺ｮ繧ｿ繝・メ 繧ｿ繧ｹ繧ｯ繧貞ｮ溯｡後＠縺ｦ縺・∪縺吶・
繝励Ο繧ｸ繧ｧ繧ｯ繝・"C:\Users\kurih\source\repos\kuriharakento\KentoCompoEngine\project\externals\ImGui\ImGui.vcxproj" (譌｢螳壹・繧ｿ繝ｼ繧ｲ繝・ヨ) 縺ｮ繝薙Ν繝峨′螳御ｺ・＠縺ｾ縺励◆縲・
繝励Ο繧ｸ繧ｧ繧ｯ繝・"C:\Users\kurih\source\repos\kuriharakento\KentoCompoEngine\project\KentoCompo.sln" (Build 繧ｿ繝ｼ繧ｲ繝・ヨ) 縺ｮ繝薙Ν繝峨′邨ゆｺ・＠縺ｾ縺励◆ -- 螟ｱ謨励・

繝薙Ν繝峨↓螟ｱ謨励＠縺ｾ縺励◆縲・

"C:\Users\kurih\source\repos\kuriharakento\KentoCompoEngine\project\KentoCompo.sln" (Build 繧ｿ繝ｼ繧ｲ繝・ヨ) (1) ->
"C:\Users\kurih\source\repos\kuriharakento\KentoCompoEngine\project\KentoCompo.vcxproj" (譌｢螳壹・繧ｿ繝ｼ繧ｲ繝・ヨ) (2) ->
(ClCompile 繧ｿ繝ｼ繧ｲ繝・ヨ) -> 
  C:\Program Files\Microsoft Visual Studio\2022\Community\VC\Tools\MSVC\14.44.35207\include\xmemory(730,14): error C2672: 'std::construct_at': 荳閾ｴ縺吶ｋ繧ｪ繝ｼ繝舌・繝ｭ繝ｼ繝峨＆繧後◆髢｢謨ｰ縺瑚ｦ九▽縺九ｊ縺ｾ縺帙ｓ縺ｧ縺励◆縲・[C:\Users\kurih\source\repos\kuriharakento\KentoCompoEngine\project\KentoCompo.vcxproj]

    0 蛟九・隴ｦ蜻・
    1 繧ｨ繝ｩ繝ｼ

邨碁℃譎る俣 00:00:02.60
