MSBuild 縺ｮ繝舌・繧ｸ繝ｧ繝ｳ 18.4.0+6e61e96ac (.NET Framework)
2026/03/29 4:31:41 縺ｫ繝薙Ν繝峨ｒ髢句ｧ九＠縺ｾ縺励◆縲・

繝弱・繝・1 荳翫・繝励Ο繧ｸ繧ｧ繧ｯ繝・"C:\Users\kurih\source\repos\kuriharakento\KentoCompoEngine\project\KentoCompo.sln" (Build 繧ｿ繝ｼ繧ｲ繝・ヨ)縲・
ValidateSolutionConfiguration:
  繧ｽ繝ｪ繝･繝ｼ繧ｷ繝ｧ繝ｳ讒区・ "Debug|x64" 繧偵ン繝ｫ繝峨＠縺ｦ縺・∪縺吶・
繝励Ο繧ｸ繧ｧ繧ｯ繝・"C:\Users\kurih\source\repos\kuriharakento\KentoCompoEngine\project\KentoCompo.sln" (1) 縺ｯ縲√ヮ繝ｼ繝・1 荳翫↓ "C:\Users\kurih\source\repos\kuriharakento\KentoCompoEngine\project\KentoCompo.vcxproj" (2) 繧偵ン繝ｫ繝峨＠縺ｦ縺・∪縺・(譌｢螳壹・繧ｿ繝ｼ繧ｲ繝・ヨ)縲・
繝励Ο繧ｸ繧ｧ繧ｯ繝・"C:\Users\kurih\source\repos\kuriharakento\KentoCompoEngine\project\KentoCompo.vcxproj" (2) 縺ｯ縲√ヮ繝ｼ繝・1 荳翫↓ "C:\Users\kurih\source\repos\kuriharakento\KentoCompoEngine\project\externals\DirectXTex\DirectXTex_Desktop_2022_Win10.vcxproj" (3) 繧偵ン繝ｫ繝峨＠縺ｦ縺・∪縺・(譌｢螳壹・繧ｿ繝ｼ繧ｲ繝・ヨ)縲・
PrepareForBuild:
  讒矩蛹門・蜉帙′譛牙柑縺ｫ縺ｪ縺｣縺ｦ縺・∪縺吶ゅさ繝ｳ繝代う繝ｩ險ｺ譁ｭ縺ｮ譖ｸ蠑剰ｨｭ螳壹↓縺ｯ繧ｨ繝ｩ繝ｼ髫主ｱ､縺悟渚譏縺輔ｌ縺ｾ縺吶りｩｳ邏ｰ縺ｫ縺､縺・※縺ｯ縲”ttps://aka.ms/cpp/structured-output 繧貞盾辣ｧ縺励※縺上□縺輔＞縲・
InitializeBuildStatus:
  "AlwaysCreate" 縺梧欠螳壹＆繧後◆縺溘ａ "C:\Users\kurih\source\repos\kuriharakento\KentoCompoEngine\project\..\generated\obj\DirectXTex\Debug\DirectXTex.tlog\unsuccessfulbuild" 繧剃ｽ懈・縺励※縺・∪縺吶・
  "C:\Users\kurih\source\repos\kuriharakento\KentoCompoEngine\project\..\generated\obj\DirectXTex\Debug\DirectXTex.tlog\unsuccessfulbuild" 縺ｮ繧ｿ繝・メ 繧ｿ繧ｹ繧ｯ繧貞ｮ溯｡後＠縺ｦ縺・∪縺吶・
ClCompile:
  縺吶∋縺ｦ縺ｮ蜃ｺ蜉帙′譛譁ｰ縺ｮ繧ゅ・縺ｧ縺吶・
  縺吶∋縺ｦ縺ｮ蜃ｺ蜉帙′譛譁ｰ縺ｮ繧ゅ・縺ｧ縺吶・
Lib:
  縺吶∋縺ｦ縺ｮ蜃ｺ蜉帙′譛譁ｰ縺ｮ繧ゅ・縺ｧ縺吶・
  "C:\Users\kurih\source\repos\kuriharakento\KentoCompoEngine\generated\obj\DirectXTex\Debug\DirectXTex.pdb" 縺九ｉ "C:\Users\kurih\source\repos\kuriharakento\KentoCompoEngine\generated\outputs\Debug\DirectXTex.pdb" 縺ｸ繝輔ぃ繧､繝ｫ繧偵さ繝斐・縺励※縺・∪縺吶・
  DirectXTex_Desktop_2022_Win10.vcxproj -> C:\Users\kurih\source\repos\kuriharakento\KentoCompoEngine\generated\outputs\Debug\DirectXTex.lib
FinalizeBuildStatus:
  繝輔ぃ繧､繝ｫ "C:\Users\kurih\source\repos\kuriharakento\KentoCompoEngine\project\..\generated\obj\DirectXTex\Debug\DirectXTex.tlog\unsuccessfulbuild" 繧貞炎髯､縺励※縺・∪縺吶・
  "C:\Users\kurih\source\repos\kuriharakento\KentoCompoEngine\project\..\generated\obj\DirectXTex\Debug\DirectXTex.tlog\DirectXTex.lastbuildstate" 縺ｮ繧ｿ繝・メ 繧ｿ繧ｹ繧ｯ繧貞ｮ溯｡後＠縺ｦ縺・∪縺吶・
繝励Ο繧ｸ繧ｧ繧ｯ繝・"C:\Users\kurih\source\repos\kuriharakento\KentoCompoEngine\project\externals\DirectXTex\DirectXTex_Desktop_2022_Win10.vcxproj" (譌｢螳壹・繧ｿ繝ｼ繧ｲ繝・ヨ) 縺ｮ繝薙Ν繝峨′螳御ｺ・＠縺ｾ縺励◆縲・
PrepareForBuild:
  讒矩蛹門・蜉帙′譛牙柑縺ｫ縺ｪ縺｣縺ｦ縺・∪縺吶ゅさ繝ｳ繝代う繝ｩ險ｺ譁ｭ縺ｮ譖ｸ蠑剰ｨｭ螳壹↓縺ｯ繧ｨ繝ｩ繝ｼ髫主ｱ､縺悟渚譏縺輔ｌ縺ｾ縺吶りｩｳ邏ｰ縺ｫ縺､縺・※縺ｯ縲”ttps://aka.ms/cpp/structured-output 繧貞盾辣ｧ縺励※縺上□縺輔＞縲・
InitializeBuildStatus:
  "C:\Users\kurih\source\repos\kuriharakento\KentoCompoEngine\project\..\generated\obj\KentoCompo\Debug\KentoCompo.tlog\unsuccessfulbuild" 縺ｮ繧ｿ繝・メ 繧ｿ繧ｹ繧ｯ繧貞ｮ溯｡後＠縺ｦ縺・∪縺吶・
ClCompile:
  C:\Program Files\Microsoft Visual Studio\2022\Community\VC\Tools\MSVC\14.44.35207\bin\HostX86\x64\CL.exe /c /IC:\Users\kurih\source\repos\kuriharakento\KentoCompoEngine\project\engine\ /IC:\Users\kurih\source\repos\kuriharakento\KentoCompoEngine\project\ /IC:\Users\kurih\source\repos\kuriharakento\KentoCompoEngine\project\externals\ /IC:\Users\kurih\source\repos\kuriharakento\KentoCompoEngine\project\externals\assimp\include /ZI /JMC /nologo /W3 /WX /diagnostics:column /sdl /MP /Od /D _DEBUG /D _WINDOWS /D USE_IMGUI /D _UNICODE /D UNICODE /Gm- /EHsc /RTC1 /MTd /GS /fp:precise /Zc:wchar_t /Zc:forScope /Zc:inline /std:c++20 /permissive- /Fo"C:\Users\kurih\source\repos\kuriharakento\KentoCompoEngine\project\..\generated\obj\KentoCompo\Debug\\" /Fd"C:\Users\kurih\source\repos\kuriharakento\KentoCompoEngine\project\..\generated\obj\KentoCompo\Debug\vc143.pdb" /external:W3 /Gd /TP /FC /errorReport:queue /utf-8 /FS application\ecs\systems\AnnihilationSystem.cpp application\ecs\systems\EnemySpawnSystem.cpp
  AnnihilationSystem.cpp
  EnemySpawnSystem.cpp
C:\Users\kurih\source\repos\kuriharakento\KentoCompoEngine\project\application\ecs\systems\AnnihilationSystem.h(10,35): error C2504: 'ISystem': 螳夂ｾｩ縺輔ｌ縺ｦ縺・↑縺・渕蠎輔け繝ｩ繧ｹ縺悟ｮ｣險縺輔ｌ縺ｦ縺・∪縺吶・[C:\Users\kurih\source\repos\kuriharakento\KentoCompoEngine\project\KentoCompo.vcxproj]
  (繧ｽ繝ｼ繧ｹ 繝輔ぃ繧､繝ｫ 'application/ecs/systems/AnnihilationSystem.cpp' 繧偵さ繝ｳ繝代う繝ｫ縺励※縺・∪縺・
  
C:\Users\kurih\source\repos\kuriharakento\KentoCompoEngine\project\application\ecs\systems\AnnihilationSystem.h(13,10): error C3668: 'AnnihilationSystem::Update': 繧ｪ繝ｼ繝舌・繝ｩ繧､繝画欠螳壼ｭ・'override' 繧剃ｼｴ縺・Γ繧ｽ繝・ラ縺ｯ縲∝渕蠎輔け繝ｩ繧ｹ 繝｡繧ｽ繝・ラ繧偵が繝ｼ繝舌・繝ｩ繧､繝峨＠縺ｾ縺帙ｓ縺ｧ縺励◆ [C:\Users\kurih\source\repos\kuriharakento\KentoCompoEngine\project\KentoCompo.vcxproj]
  (繧ｽ繝ｼ繧ｹ 繝輔ぃ繧､繝ｫ 'application/ecs/systems/AnnihilationSystem.cpp' 繧偵さ繝ｳ繝代う繝ｫ縺励※縺・∪縺・
  
C:\Users\kurih\source\repos\kuriharakento\KentoCompoEngine\project\application\ecs\systems\AnnihilationSystem.cpp(25,38): error C2039: 'chargeAmount_': 'ImpactChargeComponent' 縺ｮ繝｡繝ｳ繝舌・縺ｧ縺ｯ縺ゅｊ縺ｾ縺帙ｓ [C:\Users\kurih\source\repos\kuriharakento\KentoCompoEngine\project\KentoCompo.vcxproj]
      C:\Users\kurih\source\repos\kuriharakento\KentoCompoEngine\project\application\ecs\components\ImpactChargeComponent.h(7,8):
      'ImpactChargeComponent' 縺ｮ螳｣險繧堤｢ｺ隱阪＠縺ｦ縺上□縺輔＞
  
C:\Users\kurih\source\repos\kuriharakento\KentoCompoEngine\project\application\ecs\systems\AnnihilationSystem.cpp(26,34): error C2039: 'kMaxCharge': 'ImpactChargeComponent' 縺ｮ繝｡繝ｳ繝舌・縺ｧ縺ｯ縺ゅｊ縺ｾ縺帙ｓ [C:\Users\kurih\source\repos\kuriharakento\KentoCompoEngine\project\KentoCompo.vcxproj]
      C:\Users\kurih\source\repos\kuriharakento\KentoCompoEngine\project\application\ecs\components\ImpactChargeComponent.h(7,8):
      'ImpactChargeComponent' 縺ｮ螳｣險繧堤｢ｺ隱阪＠縺ｦ縺上□縺輔＞
  
C:\Users\kurih\source\repos\kuriharakento\KentoCompoEngine\project\application\ecs\systems\EnemySpawnSystem.cpp(97,44): error C2280: 'EnemyAIComponent::EnemyAIComponent(const EnemyAIComponent &)': 蜑企勁縺輔ｌ縺滄未謨ｰ繧貞盾辣ｧ縺励ｈ縺・→縺励※縺・∪縺・[C:\Users\kurih\source\repos\kuriharakento\KentoCompoEngine\project\KentoCompo.vcxproj]
      C:\Users\kurih\source\repos\kuriharakento\KentoCompoEngine\project\engine\ecs\components\EnemyAIComponent.h(71,1):
      繧ｳ繝ｳ繝代う繝ｩ縺・'EnemyAIComponent::EnemyAIComponent' 繧偵％縺薙↓逕滓・縺励∪縺励◆縲・
      C:\Users\kurih\source\repos\kuriharakento\KentoCompoEngine\project\engine\ecs\components\EnemyAIComponent.h(71,1):
      'EnemyAIComponent::EnemyAIComponent(const EnemyAIComponent &)': 髢｢謨ｰ縺ｯ縲・EnemyAIComponent' 縺ｫ繝ｦ繝ｼ繧ｶ繝ｼ螳夂ｾｩ 繧ｳ繝ｳ繧ｹ繝医Λ繧ｯ繧ｿ繝ｼ繧堤ｧｻ蜍輔＠縺ｾ縺・縺悟性縺ｾ繧後ｋ縺溘ａ縲∵囓鮟咏噪縺ｫ蜑企勁縺輔ｌ縺ｾ縺励◆
  
繝励Ο繧ｸ繧ｧ繧ｯ繝・"C:\Users\kurih\source\repos\kuriharakento\KentoCompoEngine\project\KentoCompo.vcxproj" (譌｢螳壹・繧ｿ繝ｼ繧ｲ繝・ヨ) 縺ｮ繝薙Ν繝峨′邨ゆｺ・＠縺ｾ縺励◆ -- 螟ｱ謨励・
繝励Ο繧ｸ繧ｧ繧ｯ繝・"C:\Users\kurih\source\repos\kuriharakento\KentoCompoEngine\project\KentoCompo.sln" (1) 縺ｯ縲√ヮ繝ｼ繝・1 荳翫↓ "C:\Users\kurih\source\repos\kuriharakento\KentoCompoEngine\project\externals\ImGui\ImGui.vcxproj" (4) 繧偵ン繝ｫ繝峨＠縺ｦ縺・∪縺・(譌｢螳壹・繧ｿ繝ｼ繧ｲ繝・ヨ)縲・
PrepareForBuild:
  讒矩蛹門・蜉帙′譛牙柑縺ｫ縺ｪ縺｣縺ｦ縺・∪縺吶ゅさ繝ｳ繝代う繝ｩ險ｺ譁ｭ縺ｮ譖ｸ蠑剰ｨｭ螳壹↓縺ｯ繧ｨ繝ｩ繝ｼ髫主ｱ､縺悟渚譏縺輔ｌ縺ｾ縺吶りｩｳ邏ｰ縺ｫ縺､縺・※縺ｯ縲”ttps://aka.ms/cpp/structured-output 繧貞盾辣ｧ縺励※縺上□縺輔＞縲・
InitializeBuildStatus:
  "AlwaysCreate" 縺梧欠螳壹＆繧後◆縺溘ａ "C:\Users\kurih\source\repos\kuriharakento\KentoCompoEngine\project\..\Generated\obj\ImGui\Debug\ImGui.tlog\unsuccessfulbuild" 繧剃ｽ懈・縺励※縺・∪縺吶・
  "C:\Users\kurih\source\repos\kuriharakento\KentoCompoEngine\project\..\Generated\obj\ImGui\Debug\ImGui.tlog\unsuccessfulbuild" 縺ｮ繧ｿ繝・メ 繧ｿ繧ｹ繧ｯ繧貞ｮ溯｡後＠縺ｦ縺・∪縺吶・
FinalizeBuildStatus:
  繝輔ぃ繧､繝ｫ "C:\Users\kurih\source\repos\kuriharakento\KentoCompoEngine\project\..\Generated\obj\ImGui\Debug\ImGui.tlog\unsuccessfulbuild" 繧貞炎髯､縺励※縺・∪縺吶・
  "C:\Users\kurih\source\repos\kuriharakento\KentoCompoEngine\project\..\Generated\obj\ImGui\Debug\ImGui.tlog\ImGui.lastbuildstate" 縺ｮ繧ｿ繝・メ 繧ｿ繧ｹ繧ｯ繧貞ｮ溯｡後＠縺ｦ縺・∪縺吶・
繝励Ο繧ｸ繧ｧ繧ｯ繝・"C:\Users\kurih\source\repos\kuriharakento\KentoCompoEngine\project\externals\ImGui\ImGui.vcxproj" (譌｢螳壹・繧ｿ繝ｼ繧ｲ繝・ヨ) 縺ｮ繝薙Ν繝峨′螳御ｺ・＠縺ｾ縺励◆縲・
繝励Ο繧ｸ繧ｧ繧ｯ繝・"C:\Users\kurih\source\repos\kuriharakento\KentoCompoEngine\project\KentoCompo.sln" (Build 繧ｿ繝ｼ繧ｲ繝・ヨ) 縺ｮ繝薙Ν繝峨′邨ゆｺ・＠縺ｾ縺励◆ -- 螟ｱ謨励・

繝薙Ν繝峨↓螟ｱ謨励＠縺ｾ縺励◆縲・

"C:\Users\kurih\source\repos\kuriharakento\KentoCompoEngine\project\KentoCompo.sln" (Build 繧ｿ繝ｼ繧ｲ繝・ヨ) (1) ->
"C:\Users\kurih\source\repos\kuriharakento\KentoCompoEngine\project\KentoCompo.vcxproj" (譌｢螳壹・繧ｿ繝ｼ繧ｲ繝・ヨ) (2) ->
(ClCompile 繧ｿ繝ｼ繧ｲ繝・ヨ) -> 
  C:\Users\kurih\source\repos\kuriharakento\KentoCompoEngine\project\application\ecs\systems\AnnihilationSystem.h(10,35): error C2504: 'ISystem': 螳夂ｾｩ縺輔ｌ縺ｦ縺・↑縺・渕蠎輔け繝ｩ繧ｹ縺悟ｮ｣險縺輔ｌ縺ｦ縺・∪縺吶・[C:\Users\kurih\source\repos\kuriharakento\KentoCompoEngine\project\KentoCompo.vcxproj]
  C:\Users\kurih\source\repos\kuriharakento\KentoCompoEngine\project\application\ecs\systems\AnnihilationSystem.h(13,10): error C3668: 'AnnihilationSystem::Update': 繧ｪ繝ｼ繝舌・繝ｩ繧､繝画欠螳壼ｭ・'override' 繧剃ｼｴ縺・Γ繧ｽ繝・ラ縺ｯ縲∝渕蠎輔け繝ｩ繧ｹ 繝｡繧ｽ繝・ラ繧偵が繝ｼ繝舌・繝ｩ繧､繝峨＠縺ｾ縺帙ｓ縺ｧ縺励◆ [C:\Users\kurih\source\repos\kuriharakento\KentoCompoEngine\project\KentoCompo.vcxproj]
  C:\Users\kurih\source\repos\kuriharakento\KentoCompoEngine\project\application\ecs\systems\AnnihilationSystem.cpp(25,38): error C2039: 'chargeAmount_': 'ImpactChargeComponent' 縺ｮ繝｡繝ｳ繝舌・縺ｧ縺ｯ縺ゅｊ縺ｾ縺帙ｓ [C:\Users\kurih\source\repos\kuriharakento\KentoCompoEngine\project\KentoCompo.vcxproj]
  C:\Users\kurih\source\repos\kuriharakento\KentoCompoEngine\project\application\ecs\systems\AnnihilationSystem.cpp(26,34): error C2039: 'kMaxCharge': 'ImpactChargeComponent' 縺ｮ繝｡繝ｳ繝舌・縺ｧ縺ｯ縺ゅｊ縺ｾ縺帙ｓ [C:\Users\kurih\source\repos\kuriharakento\KentoCompoEngine\project\KentoCompo.vcxproj]
  C:\Users\kurih\source\repos\kuriharakento\KentoCompoEngine\project\application\ecs\systems\EnemySpawnSystem.cpp(97,44): error C2280: 'EnemyAIComponent::EnemyAIComponent(const EnemyAIComponent &)': 蜑企勁縺輔ｌ縺滄未謨ｰ繧貞盾辣ｧ縺励ｈ縺・→縺励※縺・∪縺・[C:\Users\kurih\source\repos\kuriharakento\KentoCompoEngine\project\KentoCompo.vcxproj]

    0 蛟九・隴ｦ蜻・
    5 繧ｨ繝ｩ繝ｼ

邨碁℃譎る俣 00:00:02.62
