MSBuild のバージョン 17.14.23+b0019275e (.NET Framework)
C:\Users\k023g\source\repos\kuriharakento\KentoCompoEngine\project\application\gameObject\combatable\character\enemy\base\Node\BTNode.h(20,33): error C2039: 'unique_ptr': 'std' のメンバーではありません [C:\Users\k023g\source\repos\kuriharakento\KentoCompoEngine\project\KentoCompo.vcxproj]
C:\Users\k023g\source\repos\kuriharakento\KentoCompoEngine\project\application\gameObject\combatable\character\enemy\base\Node\BTNode.h(20,44): error C2275: 'BTNode': 型の代わりに式が必要です [C:\Users\k023g\source\repos\kuriharakento\KentoCompoEngine\project\KentoCompo.vcxproj]
C:\Users\k023g\source\repos\kuriharakento\KentoCompoEngine\project\application\gameObject\combatable\character\enemy\base\Node\BTNode.h(20,21): error C2974: 'std::vector': テンプレート 引数が '_Ty' に対して無効です。型が必要です [C:\Users\k023g\source\repos\kuriharakento\KentoCompoEngine\project\KentoCompo.vcxproj]
C:\Users\k023g\source\repos\kuriharakento\KentoCompoEngine\project\application\gameObject\combatable\character\enemy\base\Node\BTNode.h(20,21): error C2976: 'std::vector': 引数 テンプレート が少なすぎます [C:\Users\k023g\source\repos\kuriharakento\KentoCompoEngine\project\KentoCompo.vcxproj]
C:\Users\k023g\source\repos\kuriharakento\KentoCompoEngine\project\application\gameObject\combatable\character\enemy\base\Node\BTNode.h(20,50): error C2059: 構文エラー: '>' [C:\Users\k023g\source\repos\kuriharakento\KentoCompoEngine\project\KentoCompo.vcxproj]
C:\Users\k023g\source\repos\kuriharakento\KentoCompoEngine\project\application\gameObject\combatable\character\enemy\base\Node\BTNode.h(20,74): error C2334: '{' の前に予期しないトークンがありました。関数の本体は無視されます [C:\Users\k023g\source\repos\kuriharakento\KentoCompoEngine\project\KentoCompo.vcxproj]
C:\Users\k023g\source\repos\kuriharakento\KentoCompoEngine\project\application\gameObject\combatable\character\enemy\base\Node\BTNode.h(20,33): error C2039: 'unique_ptr': 'std' のメンバーではありません [C:\Users\k023g\source\repos\kuriharakento\KentoCompoEngine\project\KentoCompo.vcxproj]
C:\Users\k023g\source\repos\kuriharakento\KentoCompoEngine\project\application\gameObject\combatable\character\enemy\base\Node\BTNode.h(20,44): error C2275: 'BTNode': 型の代わりに式が必要です [C:\Users\k023g\source\repos\kuriharakento\KentoCompoEngine\project\KentoCompo.vcxproj]
C:\Users\k023g\source\repos\kuriharakento\KentoCompoEngine\project\application\gameObject\combatable\character\enemy\base\Node\BTNode.h(20,33): error C2039: 'unique_ptr': 'std' のメンバーではありません [C:\Users\k023g\source\repos\kuriharakento\KentoCompoEngine\project\KentoCompo.vcxproj]
C:\Users\k023g\source\repos\kuriharakento\KentoCompoEngine\project\application\gameObject\combatable\character\enemy\base\Node\BTNode.h(20,21): error C2974: 'std::vector': テンプレート 引数が '_Ty' に対して無効です。型が必要です [C:\Users\k023g\source\repos\kuriharakento\KentoCompoEngine\project\KentoCompo.vcxproj]
C:\Users\k023g\source\repos\kuriharakento\KentoCompoEngine\project\application\gameObject\combatable\character\enemy\base\Node\BTNode.h(20,44): error C2275: 'BTNode': 型の代わりに式が必要です [C:\Users\k023g\source\repos\kuriharakento\KentoCompoEngine\project\KentoCompo.vcxproj]
C:\Users\k023g\source\repos\kuriharakento\KentoCompoEngine\project\application\gameObject\combatable\character\enemy\base\Node\BTNode.h(20,21): error C2976: 'std::vector': 引数 テンプレート が少なすぎます [C:\Users\k023g\source\repos\kuriharakento\KentoCompoEngine\project\KentoCompo.vcxproj]
C:\Users\k023g\source\repos\kuriharakento\KentoCompoEngine\project\application\gameObject\combatable\character\enemy\base\Node\BTNode.h(20,21): error C2974: 'std::vector': テンプレート 引数が '_Ty' に対して無効です。型が必要です [C:\Users\k023g\source\repos\kuriharakento\KentoCompoEngine\project\KentoCompo.vcxproj]
C:\Users\k023g\source\repos\kuriharakento\KentoCompoEngine\project\application\gameObject\combatable\character\enemy\base\Node\BTNode.h(20,21): error C2976: 'std::vector': 引数 テンプレート が少なすぎます [C:\Users\k023g\source\repos\kuriharakento\KentoCompoEngine\project\KentoCompo.vcxproj]
C:\Users\k023g\source\repos\kuriharakento\KentoCompoEngine\project\application\gameObject\combatable\character\enemy\base\Node\BTNode.h(20,50): error C2059: 構文エラー: '>' [C:\Users\k023g\source\repos\kuriharakento\KentoCompoEngine\project\KentoCompo.vcxproj]
C:\Users\k023g\source\repos\kuriharakento\KentoCompoEngine\project\application\gameObject\combatable\character\enemy\base\Node\BTNode.h(20,74): error C2334: '{' の前に予期しないトークンがありました。関数の本体は無視されます [C:\Users\k023g\source\repos\kuriharakento\KentoCompoEngine\project\KentoCompo.vcxproj]
C:\Users\k023g\source\repos\kuriharakento\KentoCompoEngine\project\application\gameObject\combatable\character\enemy\base\Node\BTNode.h(20,50): error C2059: 構文エラー: '>' [C:\Users\k023g\source\repos\kuriharakento\KentoCompoEngine\project\KentoCompo.vcxproj]
C:\Users\k023g\source\repos\kuriharakento\KentoCompoEngine\project\application\gameObject\combatable\character\enemy\base\Node\BTNode.h(20,74): error C2334: '{' の前に予期しないトークンがありました。関数の本体は無視されます [C:\Users\k023g\source\repos\kuriharakento\KentoCompoEngine\project\KentoCompo.vcxproj]
C:\Users\k023g\source\repos\kuriharakento\KentoCompoEngine\project\application\gameObject\combatable\character\enemy\base\Node\BehaviorTree\BehaviorTree.cpp(2,10): error C1083: include ファイルを開けません。'imgui.h':No such file or directory [C:\Users\k023g\source\repos\kuriharakento\KentoCompoEngine\project\KentoCompo.vcxproj]
C:\Users\k023g\source\repos\kuriharakento\KentoCompoEngine\project\application\GameObject\combatable\character\enemy\base\Node\NodeUtils.h(69,59): error C3312: 型 'const std::vector<std::unique_ptr<BTNode,std::default_delete<BTNode>>,std::allocator<std::unique_ptr<BTNode,std::default_delete<BTNode>>>> *' に対して呼び出し可能な 'begin' 関数が見つかりません [C:\Users\k023g\source\repos\kuriharakento\KentoCompoEngine\project\KentoCompo.vcxproj]
C:\Users\k023g\source\repos\kuriharakento\KentoCompoEngine\project\application\GameObject\combatable\character\enemy\base\Node\NodeUtils.h(69,59): error C3312: 型 'const std::vector<std::unique_ptr<BTNode,std::default_delete<BTNode>>,std::allocator<std::unique_ptr<BTNode,std::default_delete<BTNode>>>> *' に対して呼び出し可能な 'end' 関数が見つかりません [C:\Users\k023g\source\repos\kuriharakento\KentoCompoEngine\project\KentoCompo.vcxproj]
C:\Users\k023g\source\repos\kuriharakento\KentoCompoEngine\project\application\GameObject\combatable\character\enemy\base\Node\NodeUtils.h(69,34): error C2530: 'child': 参照が初期化されずに宣言されています。 [C:\Users\k023g\source\repos\kuriharakento\KentoCompoEngine\project\KentoCompo.vcxproj]
C:\Users\k023g\source\repos\kuriharakento\KentoCompoEngine\project\application\GameObject\combatable\character\enemy\base\Node\NodeUtils.h(69,34): error C3531: 'child': 'auto' を含む型のシンボルには初期化子が必要です [C:\Users\k023g\source\repos\kuriharakento\KentoCompoEngine\project\KentoCompo.vcxproj]
C:\Users\k023g\source\repos\kuriharakento\KentoCompoEngine\project\application\GameObject\combatable\character\enemy\base\Node\NodeUtils.h(69,40): error C2143: 構文エラー: ';' が ':' の前にありません。 [C:\Users\k023g\source\repos\kuriharakento\KentoCompoEngine\project\KentoCompo.vcxproj]
C:\Users\k023g\source\repos\kuriharakento\KentoCompoEngine\project\application\GameObject\combatable\character\enemy\base\Node\NodeUtils.h(69,61): error C2143: 構文エラー: ';' が ')' の前にありません。 [C:\Users\k023g\source\repos\kuriharakento\KentoCompoEngine\project\KentoCompo.vcxproj]
C:\Users\k023g\source\repos\kuriharakento\KentoCompoEngine\project\application\gameObject\component\action\AssaultEnemyBehavior.cpp(496,43): error C2039: 'GetInstance': 'ObstacleManager' のメンバーではありません [C:\Users\k023g\source\repos\kuriharakento\KentoCompoEngine\project\KentoCompo.vcxproj]
C:\Users\k023g\source\repos\kuriharakento\KentoCompoEngine\project\application\gameObject\component\action\AssaultEnemyBehavior.cpp(496,43): error C3861: 'GetInstance': 識別子が見つかりませんでした [C:\Users\k023g\source\repos\kuriharakento\KentoCompoEngine\project\KentoCompo.vcxproj]
C:\Users\k023g\source\repos\kuriharakento\KentoCompoEngine\project\application\gameObject\component\action\AssaultEnemyBehavior.cpp(496,24): error C2530: 'obstacles': 参照が初期化されずに宣言されています。 [C:\Users\k023g\source\repos\kuriharakento\KentoCompoEngine\project\KentoCompo.vcxproj]
C:\Users\k023g\source\repos\kuriharakento\KentoCompoEngine\project\application\gameObject\component\action\AssaultEnemyBehavior.cpp(497,25): error C3536: 'obstacles': 初期化前に使用することはできません [C:\Users\k023g\source\repos\kuriharakento\KentoCompoEngine\project\KentoCompo.vcxproj]
C:\Users\k023g\source\repos\kuriharakento\KentoCompoEngine\project\application\gameObject\component\action\AssaultEnemyBehavior.cpp(497,25): error C3312: 型 '<error type>' に対して呼び出し可能な 'begin' 関数が見つかりません [C:\Users\k023g\source\repos\kuriharakento\KentoCompoEngine\project\KentoCompo.vcxproj]
C:\Users\k023g\source\repos\kuriharakento\KentoCompoEngine\project\application\gameObject\component\action\AssaultEnemyBehavior.cpp(497,25): error C3312: 型 '<error type>' に対して呼び出し可能な 'end' 関数が見つかりません [C:\Users\k023g\source\repos\kuriharakento\KentoCompoEngine\project\KentoCompo.vcxproj]
C:\Users\k023g\source\repos\kuriharakento\KentoCompoEngine\project\application\gameObject\component\action\AssaultEnemyBehavior.cpp(497,19): error C2530: 'obs': 参照が初期化されずに宣言されています。 [C:\Users\k023g\source\repos\kuriharakento\KentoCompoEngine\project\KentoCompo.vcxproj]
C:\Users\k023g\source\repos\kuriharakento\KentoCompoEngine\project\application\gameObject\component\action\AssaultEnemyBehavior.cpp(497,19): error C3531: 'obs': 'auto' を含む型のシンボルには初期化子が必要です [C:\Users\k023g\source\repos\kuriharakento\KentoCompoEngine\project\KentoCompo.vcxproj]
C:\Users\k023g\source\repos\kuriharakento\KentoCompoEngine\project\application\gameObject\component\action\AssaultEnemyBehavior.cpp(497,23): error C2143: 構文エラー: ';' が ':' の前にありません。 [C:\Users\k023g\source\repos\kuriharakento\KentoCompoEngine\project\KentoCompo.vcxproj]
C:\Users\k023g\source\repos\kuriharakento\KentoCompoEngine\project\application\gameObject\component\action\AssaultEnemyBehavior.cpp(497,34): error C2143: 構文エラー: ';' が ')' の前にありません。 [C:\Users\k023g\source\repos\kuriharakento\KentoCompoEngine\project\KentoCompo.vcxproj]
C:\Users\k023g\source\repos\kuriharakento\KentoCompoEngine\project\application\gameObject\component\action\AssaultEnemyBehavior.cpp(502,58): error C2059: 構文エラー: ')' [C:\Users\k023g\source\repos\kuriharakento\KentoCompoEngine\project\KentoCompo.vcxproj]
C:\Users\k023g\source\repos\kuriharakento\KentoCompoEngine\project\application\gameObject\component\action\AssaultEnemyBehavior.cpp(503,60): error C2059: 構文エラー: ')' [C:\Users\k023g\source\repos\kuriharakento\KentoCompoEngine\project\KentoCompo.vcxproj]
C:\Users\k023g\source\repos\kuriharakento\KentoCompoEngine\project\application\gameObject\component\action\AssaultEnemyBehavior.cpp(505,7): error C3536: 'obbComp': 初期化前に使用することはできません [C:\Users\k023g\source\repos\kuriharakento\KentoCompoEngine\project\KentoCompo.vcxproj]
C:\Users\k023g\source\repos\kuriharakento\KentoCompoEngine\project\application\gameObject\component\action\AssaultEnemyBehavior.cpp(507,19): error C2530: 'obb': 参照が初期化されずに宣言されています。 [C:\Users\k023g\source\repos\kuriharakento\KentoCompoEngine\project\KentoCompo.vcxproj]
C:\Users\k023g\source\repos\kuriharakento\KentoCompoEngine\project\application\gameObject\component\action\AssaultEnemyBehavior.cpp(519,35): error C2039: 'Inverse': 'MathUtils' のメンバーではありません [C:\Users\k023g\source\repos\kuriharakento\KentoCompoEngine\project\KentoCompo.vcxproj]
C:\Users\k023g\source\repos\kuriharakento\KentoCompoEngine\project\application\gameObject\component\action\AssaultEnemyBehavior.cpp(530,12): error C3536: 'aabbComp': 初期化前に使用することはできません [C:\Users\k023g\source\repos\kuriharakento\KentoCompoEngine\project\KentoCompo.vcxproj]
C:\Users\k023g\source\repos\kuriharakento\KentoCompoEngine\project\application\gameObject\component\action\AssaultEnemyBehavior.cpp(532,21): error C2530: 'aabb': 参照が初期化されずに宣言されています。 [C:\Users\k023g\source\repos\kuriharakento\KentoCompoEngine\project\KentoCompo.vcxproj]
