MSBuild 縺ｮ繝舌・繧ｸ繝ｧ繝ｳ 18.4.0+6e61e96ac (.NET Framework)
2026/03/29 0:46:06 縺ｫ繝薙Ν繝峨ｒ髢句ｧ九＠縺ｾ縺励◆縲・

繝弱・繝・1 荳翫・繝励Ο繧ｸ繧ｧ繧ｯ繝・"C:\Users\kurih\source\repos\kuriharakento\KentoCompoEngine\project\KentoCompo.sln" (Rebuild 繧ｿ繝ｼ繧ｲ繝・ヨ)縲・
ValidateSolutionConfiguration:
  繧ｽ繝ｪ繝･繝ｼ繧ｷ繝ｧ繝ｳ讒区・ "Debug|x64" 繧偵ン繝ｫ繝峨＠縺ｦ縺・∪縺吶・
繝励Ο繧ｸ繧ｧ繧ｯ繝・"C:\Users\kurih\source\repos\kuriharakento\KentoCompoEngine\project\KentoCompo.sln" (1) 縺ｯ縲√ヮ繝ｼ繝・1 荳翫↓ "C:\Users\kurih\source\repos\kuriharakento\KentoCompoEngine\project\KentoCompo.vcxproj" (2) 繧偵ン繝ｫ繝峨＠縺ｦ縺・∪縺・(Rebuild 繧ｿ繝ｼ繧ｲ繝・ヨ)縲・
_PrepareForClean:
  繝輔ぃ繧､繝ｫ "C:\Users\kurih\source\repos\kuriharakento\KentoCompoEngine\project\..\generated\obj\KentoCompo\Debug\KentoCompo.tlog\KentoCompo.lastbuildstate" 繧貞炎髯､縺励※縺・∪縺吶・
繝励Ο繧ｸ繧ｧ繧ｯ繝・"C:\Users\kurih\source\repos\kuriharakento\KentoCompoEngine\project\KentoCompo.vcxproj" (2) 縺ｯ縲√ヮ繝ｼ繝・1 荳翫↓ "C:\Users\kurih\source\repos\kuriharakento\KentoCompoEngine\project\externals\DirectXTex\DirectXTex_Desktop_2022_Win10.vcxproj" (3) 繧偵ン繝ｫ繝峨＠縺ｦ縺・∪縺・(Clean 繧ｿ繝ｼ繧ｲ繝・ヨ)縲・
_PrepareForClean:
  繝輔ぃ繧､繝ｫ "C:\Users\kurih\source\repos\kuriharakento\KentoCompoEngine\project\..\generated\obj\DirectXTex\Debug\DirectXTex.tlog\DirectXTex.lastbuildstate" 繧貞炎髯､縺励※縺・∪縺吶・
ATGDeleteShaders:
  繝輔ぃ繧､繝ｫ "C:\Users\kurih\source\repos\kuriharakento\KentoCompoEngine\project\externals\DirectXTex\Shaders\Compiled\BC6HEncode_EncodeBlockCS.inc" 繧貞炎髯､縺励※縺・∪縺吶・
  繝輔ぃ繧､繝ｫ "C:\Users\kurih\source\repos\kuriharakento\KentoCompoEngine\project\externals\DirectXTex\Shaders\Compiled\BC6HEncode_EncodeBlockCS_cs40.inc" 繧貞炎髯､縺励※縺・∪縺吶・
  繝輔ぃ繧､繝ｫ "C:\Users\kurih\source\repos\kuriharakento\KentoCompoEngine\project\externals\DirectXTex\Shaders\Compiled\BC6HEncode_TryModeG10CS.inc" 繧貞炎髯､縺励※縺・∪縺吶・
  繝輔ぃ繧､繝ｫ "C:\Users\kurih\source\repos\kuriharakento\KentoCompoEngine\project\externals\DirectXTex\Shaders\Compiled\BC6HEncode_TryModeG10CS_cs40.inc" 繧貞炎髯､縺励※縺・∪縺吶・
  繝輔ぃ繧､繝ｫ "C:\Users\kurih\source\repos\kuriharakento\KentoCompoEngine\project\externals\DirectXTex\Shaders\Compiled\BC6HEncode_TryModeLE10CS.inc" 繧貞炎髯､縺励※縺・∪縺吶・
  繝輔ぃ繧､繝ｫ "C:\Users\kurih\source\repos\kuriharakento\KentoCompoEngine\project\externals\DirectXTex\Shaders\Compiled\BC6HEncode_TryModeLE10CS_cs40.inc" 繧貞炎髯､縺励※縺・∪縺吶・
  繝輔ぃ繧､繝ｫ "C:\Users\kurih\source\repos\kuriharakento\KentoCompoEngine\project\externals\DirectXTex\Shaders\Compiled\BC7Encode_EncodeBlockCS.inc" 繧貞炎髯､縺励※縺・∪縺吶・
  繝輔ぃ繧､繝ｫ "C:\Users\kurih\source\repos\kuriharakento\KentoCompoEngine\project\externals\DirectXTex\Shaders\Compiled\BC7Encode_EncodeBlockCS_cs40.inc" 繧貞炎髯､縺励※縺・∪縺吶・
  繝輔ぃ繧､繝ｫ "C:\Users\kurih\source\repos\kuriharakento\KentoCompoEngine\project\externals\DirectXTex\Shaders\Compiled\BC7Encode_TryMode02CS.inc" 繧貞炎髯､縺励※縺・∪縺吶・
  繝輔ぃ繧､繝ｫ "C:\Users\kurih\source\repos\kuriharakento\KentoCompoEngine\project\externals\DirectXTex\Shaders\Compiled\BC7Encode_TryMode02CS_cs40.inc" 繧貞炎髯､縺励※縺・∪縺吶・
  繝輔ぃ繧､繝ｫ "C:\Users\kurih\source\repos\kuriharakento\KentoCompoEngine\project\externals\DirectXTex\Shaders\Compiled\BC7Encode_TryMode137CS.inc" 繧貞炎髯､縺励※縺・∪縺吶・
  繝輔ぃ繧､繝ｫ "C:\Users\kurih\source\repos\kuriharakento\KentoCompoEngine\project\externals\DirectXTex\Shaders\Compiled\BC7Encode_TryMode137CS_cs40.inc" 繧貞炎髯､縺励※縺・∪縺吶・
  繝輔ぃ繧､繝ｫ "C:\Users\kurih\source\repos\kuriharakento\KentoCompoEngine\project\externals\DirectXTex\Shaders\Compiled\BC7Encode_TryMode456CS.inc" 繧貞炎髯､縺励※縺・∪縺吶・
  繝輔ぃ繧､繝ｫ "C:\Users\kurih\source\repos\kuriharakento\KentoCompoEngine\project\externals\DirectXTex\Shaders\Compiled\BC7Encode_TryMode456CS_cs40.inc" 繧貞炎髯､縺励※縺・∪縺吶・
  繝輔ぃ繧､繝ｫ "C:\Users\kurih\source\repos\kuriharakento\KentoCompoEngine\project\externals\DirectXTex\Shaders\Compiled\BC6HEncode_EncodeBlockCS.pdb" 繧貞炎髯､縺励※縺・∪縺吶・
  繝輔ぃ繧､繝ｫ "C:\Users\kurih\source\repos\kuriharakento\KentoCompoEngine\project\externals\DirectXTex\Shaders\Compiled\BC6HEncode_EncodeBlockCS_cs40.pdb" 繧貞炎髯､縺励※縺・∪縺吶・
  繝輔ぃ繧､繝ｫ "C:\Users\kurih\source\repos\kuriharakento\KentoCompoEngine\project\externals\DirectXTex\Shaders\Compiled\BC6HEncode_TryModeG10CS.pdb" 繧貞炎髯､縺励※縺・∪縺吶・
  繝輔ぃ繧､繝ｫ "C:\Users\kurih\source\repos\kuriharakento\KentoCompoEngine\project\externals\DirectXTex\Shaders\Compiled\BC6HEncode_TryModeG10CS_cs40.pdb" 繧貞炎髯､縺励※縺・∪縺吶・
  繝輔ぃ繧､繝ｫ "C:\Users\kurih\source\repos\kuriharakento\KentoCompoEngine\project\externals\DirectXTex\Shaders\Compiled\BC6HEncode_TryModeLE10CS.pdb" 繧貞炎髯､縺励※縺・∪縺吶・
  繝輔ぃ繧､繝ｫ "C:\Users\kurih\source\repos\kuriharakento\KentoCompoEngine\project\externals\DirectXTex\Shaders\Compiled\BC6HEncode_TryModeLE10CS_cs40.pdb" 繧貞炎髯､縺励※縺・∪縺吶・
  繝輔ぃ繧､繝ｫ "C:\Users\kurih\source\repos\kuriharakento\KentoCompoEngine\project\externals\DirectXTex\Shaders\Compiled\BC7Encode_EncodeBlockCS.pdb" 繧貞炎髯､縺励※縺・∪縺吶・
  繝輔ぃ繧､繝ｫ "C:\Users\kurih\source\repos\kuriharakento\KentoCompoEngine\project\externals\DirectXTex\Shaders\Compiled\BC7Encode_EncodeBlockCS_cs40.pdb" 繧貞炎髯､縺励※縺・∪縺吶・
  繝輔ぃ繧､繝ｫ "C:\Users\kurih\source\repos\kuriharakento\KentoCompoEngine\project\externals\DirectXTex\Shaders\Compiled\BC7Encode_TryMode02CS.pdb" 繧貞炎髯､縺励※縺・∪縺吶・
  繝輔ぃ繧､繝ｫ "C:\Users\kurih\source\repos\kuriharakento\KentoCompoEngine\project\externals\DirectXTex\Shaders\Compiled\BC7Encode_TryMode02CS_cs40.pdb" 繧貞炎髯､縺励※縺・∪縺吶・
  繝輔ぃ繧､繝ｫ "C:\Users\kurih\source\repos\kuriharakento\KentoCompoEngine\project\externals\DirectXTex\Shaders\Compiled\BC7Encode_TryMode137CS.pdb" 繧貞炎髯､縺励※縺・∪縺吶・
  繝輔ぃ繧､繝ｫ "C:\Users\kurih\source\repos\kuriharakento\KentoCompoEngine\project\externals\DirectXTex\Shaders\Compiled\BC7Encode_TryMode137CS_cs40.pdb" 繧貞炎髯､縺励※縺・∪縺吶・
  繝輔ぃ繧､繝ｫ "C:\Users\kurih\source\repos\kuriharakento\KentoCompoEngine\project\externals\DirectXTex\Shaders\Compiled\BC7Encode_TryMode456CS.pdb" 繧貞炎髯､縺励※縺・∪縺吶・
  繝輔ぃ繧､繝ｫ "C:\Users\kurih\source\repos\kuriharakento\KentoCompoEngine\project\externals\DirectXTex\Shaders\Compiled\BC7Encode_TryMode456CS_cs40.pdb" 繧貞炎髯､縺励※縺・∪縺吶・
繝励Ο繧ｸ繧ｧ繧ｯ繝・"C:\Users\kurih\source\repos\kuriharakento\KentoCompoEngine\project\externals\DirectXTex\DirectXTex_Desktop_2022_Win10.vcxproj" (Clean 繧ｿ繝ｼ繧ｲ繝・ヨ) 縺ｮ繝薙Ν繝峨′螳御ｺ・＠縺ｾ縺励◆縲・
繝励Ο繧ｸ繧ｧ繧ｯ繝・"C:\Users\kurih\source\repos\kuriharakento\KentoCompoEngine\project\KentoCompo.vcxproj" (2) 縺ｯ縲√ヮ繝ｼ繝・1 荳翫↓ "C:\Users\kurih\source\repos\kuriharakento\KentoCompoEngine\project\externals\DirectXTex\DirectXTex_Desktop_2022_Win10.vcxproj" (3:2) 繧偵ン繝ｫ繝峨＠縺ｦ縺・∪縺・(譌｢螳壹・繧ｿ繝ｼ繧ｲ繝・ヨ)縲・
ATGEnsureShaders:
  CompileShaders
  
  "C:\Program Files (x86)\Windows Kits\10\bin\10.0.26100.0\x86\fxc.exe" "BC7Encode.hlsl" /nologo /WX /Ges /Zi /Zpc /Qstrip_reflect /Qstrip_debug /Tcs_5_0 /ETryMode456CS "/FhCompiled\BC7Encode_TryMode456CS.inc" "/FdCompiled\BC7Encode_TryMode456CS.pdb" /VnBC7Encode_TryMode456CS
  compilation PDB save succeeded; see C:\Users\kurih\source\repos\kuriharakento\KentoCompoEngine\project\externals\DirectXTex\Shaders\Compiled\BC7Encode_TryMode456CS.pdb
  compilation header save succeeded; see C:\Users\kurih\source\repos\kuriharakento\KentoCompoEngine\project\externals\DirectXTex\Shaders\Compiled\BC7Encode_TryMode456CS.inc
  "C:\Program Files (x86)\Windows Kits\10\bin\10.0.26100.0\x86\fxc.exe" "BC7Encode.hlsl" /nologo /WX /Ges /Zi /Zpc /Qstrip_reflect /Qstrip_debug /Tcs_4_0 /DEMULATE_F16C /ETryMode456CS "/FhCompiled\BC7Encode_TryMode456CS_cs40.inc" "/FdCompiled\BC7Encode_TryMode456CS_cs40.pdb" /VnBC7Encode_TryMode456CS
  compilation PDB save succeeded; see C:\Users\kurih\source\repos\kuriharakento\KentoCompoEngine\project\externals\DirectXTex\Shaders\Compiled\BC7Encode_TryMode456CS_cs40.pdb
  compilation header save succeeded; see C:\Users\kurih\source\repos\kuriharakento\KentoCompoEngine\project\externals\DirectXTex\Shaders\Compiled\BC7Encode_TryMode456CS_cs40.inc
  
  "C:\Program Files (x86)\Windows Kits\10\bin\10.0.26100.0\x86\fxc.exe" "BC7Encode.hlsl" /nologo /WX /Ges /Zi /Zpc /Qstrip_reflect /Qstrip_debug /Tcs_5_0 /ETryMode137CS "/FhCompiled\BC7Encode_TryMode137CS.inc" "/FdCompiled\BC7Encode_TryMode137CS.pdb" /VnBC7Encode_TryMode137CS
  compilation PDB save succeeded; see C:\Users\kurih\source\repos\kuriharakento\KentoCompoEngine\project\externals\DirectXTex\Shaders\Compiled\BC7Encode_TryMode137CS.pdb
  compilation header save succeeded; see C:\Users\kurih\source\repos\kuriharakento\KentoCompoEngine\project\externals\DirectXTex\Shaders\Compiled\BC7Encode_TryMode137CS.inc
  "C:\Program Files (x86)\Windows Kits\10\bin\10.0.26100.0\x86\fxc.exe" "BC7Encode.hlsl" /nologo /WX /Ges /Zi /Zpc /Qstrip_reflect /Qstrip_debug /Tcs_4_0 /DEMULATE_F16C /ETryMode137CS "/FhCompiled\BC7Encode_TryMode137CS_cs40.inc" "/FdCompiled\BC7Encode_TryMode137CS_cs40.pdb" /VnBC7Encode_TryMode137CS
  compilation PDB save succeeded; see C:\Users\kurih\source\repos\kuriharakento\KentoCompoEngine\project\externals\DirectXTex\Shaders\Compiled\BC7Encode_TryMode137CS_cs40.pdb
  compilation header save succeeded; see C:\Users\kurih\source\repos\kuriharakento\KentoCompoEngine\project\externals\DirectXTex\Shaders\Compiled\BC7Encode_TryMode137CS_cs40.inc
  
  "C:\Program Files (x86)\Windows Kits\10\bin\10.0.26100.0\x86\fxc.exe" "BC7Encode.hlsl" /nologo /WX /Ges /Zi /Zpc /Qstrip_reflect /Qstrip_debug /Tcs_5_0 /ETryMode02CS "/FhCompiled\BC7Encode_TryMode02CS.inc" "/FdCompiled\BC7Encode_TryMode02CS.pdb" /VnBC7Encode_TryMode02CS
  compilation PDB save succeeded; see C:\Users\kurih\source\repos\kuriharakento\KentoCompoEngine\project\externals\DirectXTex\Shaders\Compiled\BC7Encode_TryMode02CS.pdb
  compilation header save succeeded; see C:\Users\kurih\source\repos\kuriharakento\KentoCompoEngine\project\externals\DirectXTex\Shaders\Compiled\BC7Encode_TryMode02CS.inc
  "C:\Program Files (x86)\Windows Kits\10\bin\10.0.26100.0\x86\fxc.exe" "BC7Encode.hlsl" /nologo /WX /Ges /Zi /Zpc /Qstrip_reflect /Qstrip_debug /Tcs_4_0 /DEMULATE_F16C /ETryMode02CS "/FhCompiled\BC7Encode_TryMode02CS_cs40.inc" "/FdCompiled\BC7Encode_TryMode02CS_cs40.pdb" /VnBC7Encode_TryMode02CS
  compilation PDB save succeeded; see C:\Users\kurih\source\repos\kuriharakento\KentoCompoEngine\project\externals\DirectXTex\Shaders\Compiled\BC7Encode_TryMode02CS_cs40.pdb
  compilation header save succeeded; see C:\Users\kurih\source\repos\kuriharakento\KentoCompoEngine\project\externals\DirectXTex\Shaders\Compiled\BC7Encode_TryMode02CS_cs40.inc
  
  "C:\Program Files (x86)\Windows Kits\10\bin\10.0.26100.0\x86\fxc.exe" "BC7Encode.hlsl" /nologo /WX /Ges /Zi /Zpc /Qstrip_reflect /Qstrip_debug /Tcs_5_0 /EEncodeBlockCS "/FhCompiled\BC7Encode_EncodeBlockCS.inc" "/FdCompiled\BC7Encode_EncodeBlockCS.pdb" /VnBC7Encode_EncodeBlockCS
  compilation PDB save succeeded; see C:\Users\kurih\source\repos\kuriharakento\KentoCompoEngine\project\externals\DirectXTex\Shaders\Compiled\BC7Encode_EncodeBlockCS.pdb
  compilation header save succeeded; see C:\Users\kurih\source\repos\kuriharakento\KentoCompoEngine\project\externals\DirectXTex\Shaders\Compiled\BC7Encode_EncodeBlockCS.inc
  "C:\Program Files (x86)\Windows Kits\10\bin\10.0.26100.0\x86\fxc.exe" "BC7Encode.hlsl" /nologo /WX /Ges /Zi /Zpc /Qstrip_reflect /Qstrip_debug /Tcs_4_0 /DEMULATE_F16C /EEncodeBlockCS "/FhCompiled\BC7Encode_EncodeBlockCS_cs40.inc" "/FdCompiled\BC7Encode_EncodeBlockCS_cs40.pdb" /VnBC7Encode_EncodeBlockCS
  compilation PDB save succeeded; see C:\Users\kurih\source\repos\kuriharakento\KentoCompoEngine\project\externals\DirectXTex\Shaders\Compiled\BC7Encode_EncodeBlockCS_cs40.pdb
  compilation header save succeeded; see C:\Users\kurih\source\repos\kuriharakento\KentoCompoEngine\project\externals\DirectXTex\Shaders\Compiled\BC7Encode_EncodeBlockCS_cs40.inc
  
  "C:\Program Files (x86)\Windows Kits\10\bin\10.0.26100.0\x86\fxc.exe" "BC6HEncode.hlsl" /nologo /WX /Ges /Zi /Zpc /Qstrip_reflect /Qstrip_debug /Tcs_5_0 /ETryModeG10CS "/FhCompiled\BC6HEncode_TryModeG10CS.inc" "/FdCompiled\BC6HEncode_TryModeG10CS.pdb" /VnBC6HEncode_TryModeG10CS
  compilation PDB save succeeded; see C:\Users\kurih\source\repos\kuriharakento\KentoCompoEngine\project\externals\DirectXTex\Shaders\Compiled\BC6HEncode_TryModeG10CS.pdb
  compilation header save succeeded; see C:\Users\kurih\source\repos\kuriharakento\KentoCompoEngine\project\externals\DirectXTex\Shaders\Compiled\BC6HEncode_TryModeG10CS.inc
  "C:\Program Files (x86)\Windows Kits\10\bin\10.0.26100.0\x86\fxc.exe" "BC6HEncode.hlsl" /nologo /WX /Ges /Zi /Zpc /Qstrip_reflect /Qstrip_debug /Tcs_4_0 /DEMULATE_F16C /ETryModeG10CS "/FhCompiled\BC6HEncode_TryModeG10CS_cs40.inc" "/FdCompiled\BC6HEncode_TryModeG10CS_cs40.pdb" /VnBC6HEncode_TryModeG10CS
  compilation PDB save succeeded; see C:\Users\kurih\source\repos\kuriharakento\KentoCompoEngine\project\externals\DirectXTex\Shaders\Compiled\BC6HEncode_TryModeG10CS_cs40.pdb
  compilation header save succeeded; see C:\Users\kurih\source\repos\kuriharakento\KentoCompoEngine\project\externals\DirectXTex\Shaders\Compiled\BC6HEncode_TryModeG10CS_cs40.inc
  
  "C:\Program Files (x86)\Windows Kits\10\bin\10.0.26100.0\x86\fxc.exe" "BC6HEncode.hlsl" /nologo /WX /Ges /Zi /Zpc /Qstrip_reflect /Qstrip_debug /Tcs_5_0 /ETryModeLE10CS "/FhCompiled\BC6HEncode_TryModeLE10CS.inc" "/FdCompiled\BC6HEncode_TryModeLE10CS.pdb" /VnBC6HEncode_TryModeLE10CS
  compilation PDB save succeeded; see C:\Users\kurih\source\repos\kuriharakento\KentoCompoEngine\project\externals\DirectXTex\Shaders\Compiled\BC6HEncode_TryModeLE10CS.pdb
  compilation header save succeeded; see C:\Users\kurih\source\repos\kuriharakento\KentoCompoEngine\project\externals\DirectXTex\Shaders\Compiled\BC6HEncode_TryModeLE10CS.inc
  "C:\Program Files (x86)\Windows Kits\10\bin\10.0.26100.0\x86\fxc.exe" "BC6HEncode.hlsl" /nologo /WX /Ges /Zi /Zpc /Qstrip_reflect /Qstrip_debug /Tcs_4_0 /DEMULATE_F16C /ETryModeLE10CS "/FhCompiled\BC6HEncode_TryModeLE10CS_cs40.inc" "/FdCompiled\BC6HEncode_TryModeLE10CS_cs40.pdb" /VnBC6HEncode_TryModeLE10CS
  compilation PDB save succeeded; see C:\Users\kurih\source\repos\kuriharakento\KentoCompoEngine\project\externals\DirectXTex\Shaders\Compiled\BC6HEncode_TryModeLE10CS_cs40.pdb
  compilation header save succeeded; see C:\Users\kurih\source\repos\kuriharakento\KentoCompoEngine\project\externals\DirectXTex\Shaders\Compiled\BC6HEncode_TryModeLE10CS_cs40.inc
  
  "C:\Program Files (x86)\Windows Kits\10\bin\10.0.26100.0\x86\fxc.exe" "BC6HEncode.hlsl" /nologo /WX /Ges /Zi /Zpc /Qstrip_reflect /Qstrip_debug /Tcs_5_0 /EEncodeBlockCS "/FhCompiled\BC6HEncode_EncodeBlockCS.inc" "/FdCompiled\BC6HEncode_EncodeBlockCS.pdb" /VnBC6HEncode_EncodeBlockCS
  compilation PDB save succeeded; see C:\Users\kurih\source\repos\kuriharakento\KentoCompoEngine\project\externals\DirectXTex\Shaders\Compiled\BC6HEncode_EncodeBlockCS.pdb
  compilation header save succeeded; see C:\Users\kurih\source\repos\kuriharakento\KentoCompoEngine\project\externals\DirectXTex\Shaders\Compiled\BC6HEncode_EncodeBlockCS.inc
  "C:\Program Files (x86)\Windows Kits\10\bin\10.0.26100.0\x86\fxc.exe" "BC6HEncode.hlsl" /nologo /WX /Ges /Zi /Zpc /Qstrip_reflect /Qstrip_debug /Tcs_4_0 /DEMULATE_F16C /EEncodeBlockCS "/FhCompiled\BC6HEncode_EncodeBlockCS_cs40.inc" "/FdCompiled\BC6HEncode_EncodeBlockCS_cs40.pdb" /VnBC6HEncode_EncodeBlockCS
  compilation PDB save succeeded; see C:\Users\kurih\source\repos\kuriharakento\KentoCompoEngine\project\externals\DirectXTex\Shaders\Compiled\BC6HEncode_EncodeBlockCS_cs40.pdb
  compilation header save succeeded; see C:\Users\kurih\source\repos\kuriharakento\KentoCompoEngine\project\externals\DirectXTex\Shaders\Compiled\BC6HEncode_EncodeBlockCS_cs40.inc
  
  Shaders compiled ok
PrepareForBuild:
  讒矩蛹門・蜉帙′譛牙柑縺ｫ縺ｪ縺｣縺ｦ縺・∪縺吶ゅさ繝ｳ繝代う繝ｩ險ｺ譁ｭ縺ｮ譖ｸ蠑剰ｨｭ螳壹↓縺ｯ繧ｨ繝ｩ繝ｼ髫主ｱ､縺悟渚譏縺輔ｌ縺ｾ縺吶りｩｳ邏ｰ縺ｫ縺､縺・※縺ｯ縲”ttps://aka.ms/cpp/structured-output 繧貞盾辣ｧ縺励※縺上□縺輔＞縲・
InitializeBuildStatus:
  "AlwaysCreate" 縺梧欠螳壹＆繧後◆縺溘ａ "C:\Users\kurih\source\repos\kuriharakento\KentoCompoEngine\project\..\generated\obj\DirectXTex\Debug\DirectXTex.tlog\unsuccessfulbuild" 繧剃ｽ懈・縺励※縺・∪縺吶・
  "C:\Users\kurih\source\repos\kuriharakento\KentoCompoEngine\project\..\generated\obj\DirectXTex\Debug\DirectXTex.tlog\unsuccessfulbuild" 縺ｮ繧ｿ繝・メ 繧ｿ繧ｹ繧ｯ繧貞ｮ溯｡後＠縺ｦ縺・∪縺吶・
ClCompile:
  C:\Program Files\Microsoft Visual Studio\2022\Community\VC\Tools\MSVC\14.44.35207\bin\HostX64\x64\CL.exe /c /IC:\Users\kurih\source\repos\kuriharakento\KentoCompoEngine\project\externals\DirectXTex\ /IC:\Users\kurih\source\repos\kuriharakento\KentoCompoEngine\project\externals\DirectXTex\Shaders\Compiled /Zi /nologo /Wall /WX- /diagnostics:column /sdl /MP /Od /D _UNICODE /D UNICODE /D WIN32 /D _DEBUG /D _LIB /D _WIN32_WINNT=0x0A00 /D _CRT_STDIO_ARBITRARY_WIDE_SPECIFIERS /D _UNICODE /D UNICODE /Gm- /EHsc /RTC1 /MTd /GS /fp:fast /Zc:wchar_t /Zc:forScope /Zc:inline /openmp /permissive- /Yc"DirectXTexP.h" /Fp"C:\Users\kurih\source\repos\kuriharakento\KentoCompoEngine\project\..\generated\obj\DirectXTex\Debug\DirectXTex.pch" /Fo"C:\Users\kurih\source\repos\kuriharakento\KentoCompoEngine\project\..\generated\obj\DirectXTex\Debug\\" /Fd"C:\Users\kurih\source\repos\kuriharakento\KentoCompoEngine\project\..\generated\obj\DirectXTex\Debug\DirectXTex.pdb" /external:W4 /Gd /TP /FC /errorReport:queue /Zc:twoPhase- /Zc:__cplusplus DirectXTexUtil.cpp
  DirectXTexUtil.cpp
  C:\Program Files\Microsoft Visual Studio\2022\Community\VC\Tools\MSVC\14.44.35207\bin\HostX64\x64\CL.exe /c /IC:\Users\kurih\source\repos\kuriharakento\KentoCompoEngine\project\externals\DirectXTex\ /IC:\Users\kurih\source\repos\kuriharakento\KentoCompoEngine\project\externals\DirectXTex\Shaders\Compiled /Zi /nologo /Wall /WX- /diagnostics:column /sdl /MP /Od /D _UNICODE /D UNICODE /D WIN32 /D _DEBUG /D _LIB /D _WIN32_WINNT=0x0A00 /D _CRT_STDIO_ARBITRARY_WIDE_SPECIFIERS /D _UNICODE /D UNICODE /Gm- /EHsc /RTC1 /MTd /GS /fp:fast /Zc:wchar_t /Zc:forScope /Zc:inline /openmp /permissive- /Yu"DirectXTexP.h" /Fp"C:\Users\kurih\source\repos\kuriharakento\KentoCompoEngine\project\..\generated\obj\DirectXTex\Debug\DirectXTex.pch" /Fo"C:\Users\kurih\source\repos\kuriharakento\KentoCompoEngine\project\..\generated\obj\DirectXTex\Debug\\" /Fd"C:\Users\kurih\source\repos\kuriharakento\KentoCompoEngine\project\..\generated\obj\DirectXTex\Debug\DirectXTex.pdb" /external:W4 /Gd /TP /FC /errorReport:queue /Zc:twoPhase- /Zc:__cplusplus BC.cpp BC4BC5.cpp BC6HBC7.cpp BCDirectCompute.cpp DirectXTexCompress.cpp DirectXTexCompressGPU.cpp DirectXTexConvert.cpp DirectXTexD3D11.cpp DirectXTexD3D12.cpp DirectXTexDDS.cpp DirectXTexFlipRotate.cpp DirectXTexHDR.cpp DirectXTexImage.cpp DirectXTexMipMaps.cpp DirectXTexMisc.cpp DirectXTexNormalMaps.cpp DirectXTexPMAlpha.cpp DirectXTexResize.cpp DirectXTexTGA.cpp DirectXTexWIC.cpp
  BC.cpp
  BC4BC5.cpp
  BC6HBC7.cpp
  BCDirectCompute.cpp
  DirectXTexCompress.cpp
  DirectXTexCompressGPU.cpp
  DirectXTexConvert.cpp
  DirectXTexD3D11.cpp
  DirectXTexD3D12.cpp
  DirectXTexDDS.cpp
  DirectXTexFlipRotate.cpp
  DirectXTexHDR.cpp
  DirectXTexImage.cpp
  DirectXTexMipMaps.cpp
  DirectXTexMisc.cpp
  DirectXTexNormalMaps.cpp
  DirectXTexPMAlpha.cpp
  DirectXTexResize.cpp
  DirectXTexTGA.cpp
  DirectXTexWIC.cpp
Lib:
  C:\Program Files\Microsoft Visual Studio\2022\Community\VC\Tools\MSVC\14.44.35207\bin\HostX64\x64\Lib.exe /OUT:"C:\Users\kurih\source\repos\kuriharakento\KentoCompoEngine\project\..\generated\outputs\Debug\DirectXTex.lib" /NOLOGO /MACHINE:X64 C:\Users\kurih\source\repos\kuriharakento\KentoCompoEngine\project\..\generated\obj\DirectXTex\Debug\BC.obj
  C:\Users\kurih\source\repos\kuriharakento\KentoCompoEngine\project\..\generated\obj\DirectXTex\Debug\BC4BC5.obj
  C:\Users\kurih\source\repos\kuriharakento\KentoCompoEngine\project\..\generated\obj\DirectXTex\Debug\BC6HBC7.obj
  C:\Users\kurih\source\repos\kuriharakento\KentoCompoEngine\project\..\generated\obj\DirectXTex\Debug\BCDirectCompute.obj
  C:\Users\kurih\source\repos\kuriharakento\KentoCompoEngine\project\..\generated\obj\DirectXTex\Debug\DirectXTexCompress.obj
  C:\Users\kurih\source\repos\kuriharakento\KentoCompoEngine\project\..\generated\obj\DirectXTex\Debug\DirectXTexCompressGPU.obj
  C:\Users\kurih\source\repos\kuriharakento\KentoCompoEngine\project\..\generated\obj\DirectXTex\Debug\DirectXTexConvert.obj
  C:\Users\kurih\source\repos\kuriharakento\KentoCompoEngine\project\..\generated\obj\DirectXTex\Debug\DirectXTexD3D11.obj
  C:\Users\kurih\source\repos\kuriharakento\KentoCompoEngine\project\..\generated\obj\DirectXTex\Debug\DirectXTexD3D12.obj
  C:\Users\kurih\source\repos\kuriharakento\KentoCompoEngine\project\..\generated\obj\DirectXTex\Debug\DirectXTexDDS.obj
  C:\Users\kurih\source\repos\kuriharakento\KentoCompoEngine\project\..\generated\obj\DirectXTex\Debug\DirectXTexFlipRotate.obj
  C:\Users\kurih\source\repos\kuriharakento\KentoCompoEngine\project\..\generated\obj\DirectXTex\Debug\DirectXTexHDR.obj
  C:\Users\kurih\source\repos\kuriharakento\KentoCompoEngine\project\..\generated\obj\DirectXTex\Debug\DirectXTexImage.obj
  C:\Users\kurih\source\repos\kuriharakento\KentoCompoEngine\project\..\generated\obj\DirectXTex\Debug\DirectXTexMipMaps.obj
  C:\Users\kurih\source\repos\kuriharakento\KentoCompoEngine\project\..\generated\obj\DirectXTex\Debug\DirectXTexMisc.obj
  C:\Users\kurih\source\repos\kuriharakento\KentoCompoEngine\project\..\generated\obj\DirectXTex\Debug\DirectXTexNormalMaps.obj
  C:\Users\kurih\source\repos\kuriharakento\KentoCompoEngine\project\..\generated\obj\DirectXTex\Debug\DirectXTexPMAlpha.obj
  C:\Users\kurih\source\repos\kuriharakento\KentoCompoEngine\project\..\generated\obj\DirectXTex\Debug\DirectXTexResize.obj
  C:\Users\kurih\source\repos\kuriharakento\KentoCompoEngine\project\..\generated\obj\DirectXTex\Debug\DirectXTexTGA.obj
  C:\Users\kurih\source\repos\kuriharakento\KentoCompoEngine\project\..\generated\obj\DirectXTex\Debug\DirectXTexUtil.obj
  C:\Users\kurih\source\repos\kuriharakento\KentoCompoEngine\project\..\generated\obj\DirectXTex\Debug\DirectXTexWIC.obj
  "C:\Users\kurih\source\repos\kuriharakento\KentoCompoEngine\generated\obj\DirectXTex\Debug\DirectXTex.pdb" 縺九ｉ "C:\Users\kurih\source\repos\kuriharakento\KentoCompoEngine\generated\outputs\Debug\DirectXTex.pdb" 縺ｸ繝輔ぃ繧､繝ｫ繧偵さ繝斐・縺励※縺・∪縺吶・
  DirectXTex_Desktop_2022_Win10.vcxproj -> C:\Users\kurih\source\repos\kuriharakento\KentoCompoEngine\generated\outputs\Debug\DirectXTex.lib
FinalizeBuildStatus:
  繝輔ぃ繧､繝ｫ "C:\Users\kurih\source\repos\kuriharakento\KentoCompoEngine\project\..\generated\obj\DirectXTex\Debug\DirectXTex.tlog\unsuccessfulbuild" 繧貞炎髯､縺励※縺・∪縺吶・
  "C:\Users\kurih\source\repos\kuriharakento\KentoCompoEngine\project\..\generated\obj\DirectXTex\Debug\DirectXTex.tlog\DirectXTex.lastbuildstate" 縺ｮ繧ｿ繝・メ 繧ｿ繧ｹ繧ｯ繧貞ｮ溯｡後＠縺ｦ縺・∪縺吶・
繝励Ο繧ｸ繧ｧ繧ｯ繝・"C:\Users\kurih\source\repos\kuriharakento\KentoCompoEngine\project\externals\DirectXTex\DirectXTex_Desktop_2022_Win10.vcxproj" (譌｢螳壹・繧ｿ繝ｼ繧ｲ繝・ヨ) 縺ｮ繝薙Ν繝峨′螳御ｺ・＠縺ｾ縺励◆縲・
PrepareForBuild:
  讒矩蛹門・蜉帙′譛牙柑縺ｫ縺ｪ縺｣縺ｦ縺・∪縺吶ゅさ繝ｳ繝代う繝ｩ險ｺ譁ｭ縺ｮ譖ｸ蠑剰ｨｭ螳壹↓縺ｯ繧ｨ繝ｩ繝ｼ髫主ｱ､縺悟渚譏縺輔ｌ縺ｾ縺吶りｩｳ邏ｰ縺ｫ縺､縺・※縺ｯ縲”ttps://aka.ms/cpp/structured-output 繧貞盾辣ｧ縺励※縺上□縺輔＞縲・
InitializeBuildStatus:
  "C:\Users\kurih\source\repos\kuriharakento\KentoCompoEngine\project\..\generated\obj\KentoCompo\Debug\KentoCompo.tlog\unsuccessfulbuild" 縺ｮ繧ｿ繝・メ 繧ｿ繧ｹ繧ｯ繧貞ｮ溯｡後＠縺ｦ縺・∪縺吶・
ClCompile:
  C:\Program Files\Microsoft Visual Studio\2022\Community\VC\Tools\MSVC\14.44.35207\bin\HostX86\x64\CL.exe /c /IC:\Users\kurih\source\repos\kuriharakento\KentoCompoEngine\project\engine\ /IC:\Users\kurih\source\repos\kuriharakento\KentoCompoEngine\project\ /IC:\Users\kurih\source\repos\kuriharakento\KentoCompoEngine\project\externals\ /IC:\Users\kurih\source\repos\kuriharakento\KentoCompoEngine\project\externals\assimp\include /ZI /JMC /nologo /W3 /WX /diagnostics:column /sdl /MP /Od /D _DEBUG /D _WINDOWS /D USE_IMGUI /D _UNICODE /D UNICODE /Gm- /EHsc /RTC1 /MTd /GS /fp:precise /Zc:wchar_t /Zc:forScope /Zc:inline /std:c++20 /permissive- /Fo"C:\Users\kurih\source\repos\kuriharakento\KentoCompoEngine\project\..\generated\obj\KentoCompo\Debug\\" /Fd"C:\Users\kurih\source\repos\kuriharakento\KentoCompoEngine\project\..\generated\obj\KentoCompo\Debug\vc143.pdb" /external:W3 /Gd /TP /FC /errorReport:queue /utf-8 /FS engine\ecs\system\Object3dSystem.cpp application\gameObject\combatable\base\StatusSystem.cpp application\gameObject\combatable\character\enemy\base\Node\ActionNode.cpp application\gameObject\component\action\AssaultRifleComponent.cpp application\gameObject\combatable\character\enemy\EnemyManager.cpp application\effect\BulletTrailManager.cpp application\weapon\WeaponManager.cpp engine\base\ObjectPool.cpp engine\ecs\EcsDebugViewer.cpp engine\ecs\Registry.cpp engine\ecs\system\SystemManager.cpp engine\ecs\debug\EcsInspector.cpp application\scene\EcsDebugScene.cpp engine\ecs\system\HierarchySystem.cpp engine\ecs\system\LifetimeSystem.cpp application\ecs\systems\EnemyBehaviorSystem.cpp engine\ecs\system\InstancedRenderSystem.cpp engine\ecs\system\MovementSystem.cpp engine\ecs\system\CollisionSystem.cpp engine\ecs\system\PlayerSystem.cpp engine\ecs\system\EcsStatusSystem.cpp engine\graphics\3d\InstancedModelRenderer.cpp engine\gameobject\component\collision\CollisionAlgorithm.cpp engine\gameobject\component\collision\CollisionUtils.cpp application\gameObject\combatable\character\enemy\base\Node\CompositeNode.cpp application\gameObject\combatable\character\enemy\base\Node\ConditionNode.cpp application\gameObject\combatable\character\enemy\base\Node\BehaviorTree\BehaviorTree.cpp application\gameObject\combatable\character\enemy\base\Node\BlackBoard.cpp engine\gameobject\component\collision\SphereColliderComponent.cpp engine\gameobject\component\collision\RayColliderComponent.cpp application\resources\LoadGameResources.cpp application\stage\Area.cpp application\stage\AreaManager.cpp application\stage\AreaWaveData.cpp application\gameObject\obstacle\BarrierBlock.cpp application\combo\ComboManager.cpp application\carnage\CarnageMode.cpp application\effect\CinematicLetterbox.cpp application\gameObject\component\action\EnemyUIComponent.cpp application\ui\Cursor.cpp application\ui\ControlsGuide.cpp engine\effects\particle\module\spawn\SubEmitterModule.cpp engine\effects\particle\ParticleEmitter.cpp engine\effects\particle\ParticleManager.cpp engine\effects\particle\ParticleEffect.cpp engine\effects\particle\gpu\GPUSimulator.cpp engine\effects\particle\gpu\GPUParticlePipeline.cpp engine\effects\particle\renderer\SpriteRenderer.cpp engine\effects\particle\renderer\MeshRenderer.cpp engine\effects\particle\primitive\PrimitiveGenerator.cpp engine\effects\particle\editor\ParticleEditor.cpp engine\effects\particle\renderer\TrailRenderer.cpp engine\effects\particle\serialization\ParticleEffectSerializer.cpp engine\effects\postprocess\BloomEffect.cpp engine\camerawork\debug\DebugCamera.cpp engine\effects\postprocess\CRTEffect.cpp engine\effects\postprocess\base\BasePostEffect.cpp engine\gameobject\component\collision\AABBColliderComponent.cpp application\animation\Slide.cpp engine\gameobject\base\GameObject.cpp application\gameObject\combatable\character\base\Character.cpp application\gameObject\component\action\BulletComponent.cpp engine\gameobject\component\base\ICollisionComponent.cpp application\gameObject\combatable\weapon\Bullet.cpp engine\gameobject\component\collision\CollisionManager.cpp engine\base\PostProcessPass.cpp engine\base\RenderTexture.cpp engine\camerawork\topdown\TopDownCamera.cpp engine\graphics\3d\SkinnedModel.cpp engine\graphics\3d\SkinnedObject3d.cpp engine\graphics\3d\SkinningCompute.cpp engine\animation\Animator.cpp engine\graphics\shadow\ShadowMapPipeline.cpp engine\graphics\shadow\ShadowSystem.cpp engine\manager\graphics\LineManager.cpp engine\audio\Audio.cpp engine\manager\graphics\ShadowMapManager.cpp engine\graphics\deferred\GBuffer.cpp engine\graphics\deferred\GBufferPipeline.cpp engine\graphics\deferred\LightPassPipeline.cpp engine\graphics\deferred\DeferredRenderer.cpp engine\manager\scene\CameraManager.cpp engine\graphics\2d\Sprite.cpp engine\graphics\2d\SpriteCommon.cpp engine\graphics\3d\Model.cpp engine\graphics\3d\ModelCommon.cpp engine\manager\graphics\ModelManager.cpp engine\manager\graphics\SkinnedModelManager.cpp engine\graphics\3d\Object3d.cpp engine\graphics\3d\Object3dCommon.cpp engine\base\Camera.cpp engine\base\D3DResourceLeakChecker.cpp engine\base\DirectXCommon.cpp engine\base\Logger.cpp engine\base\StringUtility.cpp engine\manager\graphics\TextureManager.cpp engine\base\WinApp.cpp engine\input\Input.cpp engine\math\MathUtils.cpp engine\time\TimeManager.cpp externals\imgui\imgui.cpp externals\imgui\imgui_demo.cpp externals\imgui\imgui_draw.cpp externals\imgui\imgui_impl_dx12.cpp externals\imgui\imgui_impl_win32.cpp externals\imgui\imgui_tables.cpp externals\imgui\imgui_widgets.cpp engine\manager\editor\ImGuiManager.cpp engine\framework\Framework.cpp application\scene\play\GamePlayScene.cpp engine\manager\scene\LightManager.cpp engine\line\Line.cpp engine\line\LineCommon.cpp engine\manager\editor\JsonEditorManager.cpp engine\jsonEditor\JsonEditableBase.cpp engine\camerawork\follow\FollowCamera.cpp application\gameObject\component\action\PistolComponent.cpp engine\effects\postprocess\GrayscaleEffect.cpp application\gameObject\component\action\GravityPhysicsComponent.cpp engine\jsonEditor\JsonSerialization.cpp engine\jsonEditor\JsonEditorImGuiUtils.cpp application\gameObject\combatable\character\enemy\base\Node\InverterNode.cpp application\gameObject\combatable\weapon\Knife.cpp application\scene\play\GameClearScene.cpp application\scene\play\GameOverScene.cpp application\ui\GameUI.cpp application\ui\PoseMenu.cpp engine\graphics\2d\FontSprite.cpp main.cpp engine\manager\system\SrvManager.cpp engine\scene\MyGame.cpp application\scene\play\TitleScene.cpp engine\scene\manager\SceneManager.cpp engine\scene\factory\SceneFactory.cpp engine\camerawork\orbit\OrbitCameraWork.cpp engine\camerawork\spline\SplineData.cpp engine\camerawork\spline\Spline.cpp engine\camerawork\spline\SplineCamera.cpp engine\manager\effect\ParticlePipelineManager.cpp engine\manager\graphics\InstancedModelPipelineManager.cpp engine\manager\graphics\SkinningPipelineManager.cpp application\gameObject\component\action\MoveComponent.cpp application\gameObject\combatable\character\player\Player.cpp engine\gameobject\component\collision\OBBColliderComponent.cpp engine\manager\effect\PostProcessManager.cpp engine\effects\postprocess\VignetteEffect.cpp engine\effects\postprocess\NoiseEffect.cpp engine\graphics\3d\Skybox.cpp application\gameObject\component\action\ShotgunComponent.cpp application\gameObject\obstacle\Obstacle.cpp application\gameObject\obstacle\ObstacleManager.cpp application\gameObject\obstacle\ObstacleData.cpp application\gameObject\combatable\character\enemy\base\Node\SequenceNode.cpp application\gameObject\combatable\character\enemy\base\Node\SelectorNode.cpp application\scene\debug\StageEditScene.cpp application\stage\StageManager.cpp application\stage\StageData.cpp engine\time\Timer.cpp engine\time\TimerManager.cpp application\gameObject\combatable\character\enemy\base\Node\ParallelNode.cpp application\stage\Stage.cpp application\stage\Wave.cpp application\stage\WaveManager.cpp application\minimap\Minimap.cpp application\scene\debug\ParticleTestScene.cpp engine\graphics\2d\NumberSprite.cpp application\gameObject\component\action\StatusComponent.cpp application\effect\SceneTransitionEffect.cpp application\gameObject\component\action\PlayerUIComponent.cpp application\gameObject\component\action\WeaponManagerComponent.cpp
  Object3dSystem.cpp
  StatusSystem.cpp
  ActionNode.cpp
  AssaultRifleComponent.cpp
  EnemyManager.cpp
  BulletTrailManager.cpp
  WeaponManager.cpp
  ObjectPool.cpp
  EcsDebugViewer.cpp
  Registry.cpp
  SystemManager.cpp
  EcsInspector.cpp
  EcsDebugScene.cpp
  HierarchySystem.cpp
  LifetimeSystem.cpp
  EnemyBehaviorSystem.cpp
  InstancedRenderSystem.cpp
  MovementSystem.cpp
  CollisionSystem.cpp
  PlayerSystem.cpp
  EcsStatusSystem.cpp
  InstancedModelRenderer.cpp
  CollisionAlgorithm.cpp
  CollisionUtils.cpp
  CompositeNode.cpp
  ConditionNode.cpp
  BehaviorTree.cpp
  BlackBoard.cpp
  SphereColliderComponent.cpp
  RayColliderComponent.cpp
  LoadGameResources.cpp
  Area.cpp
  AreaManager.cpp
  AreaWaveData.cpp
  BarrierBlock.cpp
  ComboManager.cpp
  CarnageMode.cpp
  CinematicLetterbox.cpp
  EnemyUIComponent.cpp
  Cursor.cpp
  ControlsGuide.cpp
  SubEmitterModule.cpp
  ParticleEmitter.cpp
  ParticleManager.cpp
  ParticleEffect.cpp
  GPUSimulator.cpp
  GPUParticlePipeline.cpp
  SpriteRenderer.cpp
  MeshRenderer.cpp
  PrimitiveGenerator.cpp
  ParticleEditor.cpp
  TrailRenderer.cpp
  ParticleEffectSerializer.cpp
  BloomEffect.cpp
  DebugCamera.cpp
  CRTEffect.cpp
  BasePostEffect.cpp
  AABBColliderComponent.cpp
  Slide.cpp
  GameObject.cpp
  Character.cpp
  BulletComponent.cpp
  ICollisionComponent.cpp
  Bullet.cpp
  CollisionManager.cpp
  PostProcessPass.cpp
  RenderTexture.cpp
  TopDownCamera.cpp
  SkinnedModel.cpp
  SkinnedObject3d.cpp
  SkinningCompute.cpp
  Animator.cpp
  ShadowMapPipeline.cpp
  ShadowSystem.cpp
  LineManager.cpp
  Audio.cpp
  ShadowMapManager.cpp
  GBuffer.cpp
  GBufferPipeline.cpp
  LightPassPipeline.cpp
  DeferredRenderer.cpp
  CameraManager.cpp
  Sprite.cpp
  SpriteCommon.cpp
  Model.cpp
  ModelCommon.cpp
  ModelManager.cpp
  SkinnedModelManager.cpp
  Object3d.cpp
  Object3dCommon.cpp
  Camera.cpp
  D3DResourceLeakChecker.cpp
  DirectXCommon.cpp
  Logger.cpp
  StringUtility.cpp
  TextureManager.cpp
  WinApp.cpp
  Input.cpp
  MathUtils.cpp
  TimeManager.cpp
  imgui.cpp
  imgui_demo.cpp
  imgui_draw.cpp
  imgui_impl_dx12.cpp
  imgui_impl_win32.cpp
  imgui_tables.cpp
  imgui_widgets.cpp
  ImGuiManager.cpp
  Framework.cpp
  GamePlayScene.cpp
  LightManager.cpp
  Line.cpp
  LineCommon.cpp
  JsonEditorManager.cpp
  JsonEditableBase.cpp
  FollowCamera.cpp
  PistolComponent.cpp
  GrayscaleEffect.cpp
  GravityPhysicsComponent.cpp
  JsonSerialization.cpp
  JsonEditorImGuiUtils.cpp
  InverterNode.cpp
  Knife.cpp
  GameClearScene.cpp
  GameOverScene.cpp
  GameUI.cpp
  PoseMenu.cpp
  FontSprite.cpp
  main.cpp
  SrvManager.cpp
  MyGame.cpp
  TitleScene.cpp
  SceneManager.cpp
  SceneFactory.cpp
  OrbitCameraWork.cpp
  SplineData.cpp
  Spline.cpp
  SplineCamera.cpp
  ParticlePipelineManager.cpp
  InstancedModelPipelineManager.cpp
C:\Users\kurih\source\repos\kuriharakento\KentoCompoEngine\project\application\scene\play\GamePlayScene.cpp(68,36): error C2039: 'SetDirection': 'LightManager' 縺ｮ繝｡繝ｳ繝舌・縺ｧ縺ｯ縺ゅｊ縺ｾ縺帙ｓ [C:\Users\kurih\source\repos\kuriharakento\KentoCompoEngine\project\KentoCompo.vcxproj]
      C:\Users\kurih\source\repos\kuriharakento\KentoCompoEngine\project\engine\manager\scene\LightManager.h(21,7):
      'LightManager' 縺ｮ螳｣險繧堤｢ｺ隱阪＠縺ｦ縺上□縺輔＞
  
C:\Users\kurih\source\repos\kuriharakento\KentoCompoEngine\project\application\scene\play\GamePlayScene.cpp(69,36): error C2039: 'SetIntensity': 'LightManager' 縺ｮ繝｡繝ｳ繝舌・縺ｧ縺ｯ縺ゅｊ縺ｾ縺帙ｓ [C:\Users\kurih\source\repos\kuriharakento\KentoCompoEngine\project\KentoCompo.vcxproj]
      C:\Users\kurih\source\repos\kuriharakento\KentoCompoEngine\project\engine\manager\scene\LightManager.h(21,7):
      'LightManager' 縺ｮ螳｣險繧堤｢ｺ隱阪＠縺ｦ縺上□縺輔＞
  
C:\Users\kurih\source\repos\kuriharakento\KentoCompoEngine\project\application\scene\play\GamePlayScene.cpp(102,39): error C2065: 'PlayerSystem': 螳夂ｾｩ縺輔ｌ縺ｦ縺・↑縺・ｭ伜挨蟄舌〒縺吶・[C:\Users\kurih\source\repos\kuriharakento\KentoCompoEngine\project\KentoCompo.vcxproj]
C:\Users\kurih\source\repos\kuriharakento\KentoCompoEngine\project\application\scene\play\GamePlayScene.cpp(102,27): error C2672: 'std::make_shared': 荳閾ｴ縺吶ｋ繧ｪ繝ｼ繝舌・繝ｭ繝ｼ繝峨＆繧後◆髢｢謨ｰ縺瑚ｦ九▽縺九ｊ縺ｾ縺帙ｓ縺ｧ縺励◆縲・[C:\Users\kurih\source\repos\kuriharakento\KentoCompoEngine\project\KentoCompo.vcxproj]
      C:\Program Files\Microsoft Visual Studio\2022\Community\VC\Tools\MSVC\14.44.35207\include\memory(2968,44):
      'std::shared_ptr<_Ty> std::make_shared(const remove_extent<_Ty>::type &)' 縺ｮ蜿ｯ閭ｽ諤ｧ縺後≠繧翫∪縺・
          C:\Users\kurih\source\repos\kuriharakento\KentoCompoEngine\project\application\scene\play\GamePlayScene.cpp(102,39):
          'std::make_shared': 繝・Φ繝励Ξ繝ｼ繝・蠑墓焚縺・'_Ty' 縺ｫ蟇ｾ縺励※辟｡蜉ｹ縺ｧ縺吶ょ梛縺悟ｿ・ｦ√〒縺・
      C:\Program Files\Microsoft Visual Studio\2022\Community\VC\Tools\MSVC\14.44.35207\include\memory(2959,44):
      縺ｾ縺溘・ 'std::shared_ptr<_Ty> std::make_shared(void)'
          C:\Users\kurih\source\repos\kuriharakento\KentoCompoEngine\project\application\scene\play\GamePlayScene.cpp(102,39):
          'std::make_shared': 繝・Φ繝励Ξ繝ｼ繝・蠑墓焚縺・'_Ty' 縺ｫ蟇ｾ縺励※辟｡蜉ｹ縺ｧ縺吶ょ梛縺悟ｿ・ｦ√〒縺・
      C:\Program Files\Microsoft Visual Studio\2022\Community\VC\Tools\MSVC\14.44.35207\include\memory(2954,44):
      縺ｾ縺溘・ 'std::shared_ptr<_Ty> std::make_shared(const size_t,const remove_extent<_Ty>::type &)'
          C:\Users\kurih\source\repos\kuriharakento\KentoCompoEngine\project\application\scene\play\GamePlayScene.cpp(102,39):
          'std::make_shared': 繝・Φ繝励Ξ繝ｼ繝・蠑墓焚縺・'_Ty' 縺ｫ蟇ｾ縺励※辟｡蜉ｹ縺ｧ縺吶ょ梛縺悟ｿ・ｦ√〒縺・
      C:\Program Files\Microsoft Visual Studio\2022\Community\VC\Tools\MSVC\14.44.35207\include\memory(2949,44):
      縺ｾ縺溘・ 'std::shared_ptr<_Ty> std::make_shared(const size_t)'
          C:\Users\kurih\source\repos\kuriharakento\KentoCompoEngine\project\application\scene\play\GamePlayScene.cpp(102,39):
          'std::make_shared': 繝・Φ繝励Ξ繝ｼ繝・蠑墓焚縺・'_Ty' 縺ｫ蟇ｾ縺励※辟｡蜉ｹ縺ｧ縺吶ょ梛縺悟ｿ・ｦ√〒縺・
      C:\Program Files\Microsoft Visual Studio\2022\Community\VC\Tools\MSVC\14.44.35207\include\memory(2912,44):
      縺ｾ縺溘・ 'std::shared_ptr<_Ty> std::make_shared(_Types ...)'
          C:\Users\kurih\source\repos\kuriharakento\KentoCompoEngine\project\application\scene\play\GamePlayScene.cpp(102,39):
          'std::make_shared': 繝・Φ繝励Ξ繝ｼ繝・蠑墓焚縺・'_Ty' 縺ｫ蟇ｾ縺励※辟｡蜉ｹ縺ｧ縺吶ょ梛縺悟ｿ・ｦ√〒縺・
  
C:\Users\kurih\source\repos\kuriharakento\KentoCompoEngine\project\application\scene\play\GamePlayScene.cpp(103,2): error C3536: 'playerSystem': 蛻晄悄蛹門燕縺ｫ菴ｿ逕ｨ縺吶ｋ縺薙→縺ｯ縺ｧ縺阪∪縺帙ｓ [C:\Users\kurih\source\repos\kuriharakento\KentoCompoEngine\project\KentoCompo.vcxproj]
C:\Users\kurih\source\repos\kuriharakento\KentoCompoEngine\project\application\scene\play\GamePlayScene.cpp(133,13): error C2660: 'InstancedModelRenderer::Initialize': 髢｢謨ｰ縺ｫ 2 蛟九・蠑墓焚繧呈欠螳壹〒縺阪∪縺帙ｓ縲・[C:\Users\kurih\source\repos\kuriharakento\KentoCompoEngine\project\KentoCompo.vcxproj]
      C:\Users\kurih\source\repos\kuriharakento\KentoCompoEngine\project\engine\graphics\3d\InstancedModelRenderer.h(30,10):
      'InstancedModelRenderer::Initialize' 縺ｮ螳｣險繧堤｢ｺ隱阪＠縺ｦ縺上□縺輔＞
      C:\Users\kurih\source\repos\kuriharakento\KentoCompoEngine\project\application\scene\play\GamePlayScene.cpp(133,13):
      蠑墓焚繝ｪ繧ｹ繝・'(Object3dCommon *, Model *)' 繧剃ｸ閾ｴ縺輔○繧医≧縺ｨ縺励※縺・ｋ縺ｨ縺・
  
C:\Users\kurih\source\repos\kuriharakento\KentoCompoEngine\project\application\scene\play\GamePlayScene.cpp(194,17): error C2660: 'SplineCamera::Initialize': 髢｢謨ｰ縺ｫ 0 蛟九・蠑墓焚繧呈欠螳壹〒縺阪∪縺帙ｓ縲・[C:\Users\kurih\source\repos\kuriharakento\KentoCompoEngine\project\KentoCompo.vcxproj]
      C:\Users\kurih\source\repos\kuriharakento\KentoCompoEngine\project\engine\camerawork\spline\SplineCamera.h(22,7):
      'SplineCamera::Initialize' 縺ｮ螳｣險繧堤｢ｺ隱阪＠縺ｦ縺上□縺輔＞
      C:\Users\kurih\source\repos\kuriharakento\KentoCompoEngine\project\application\scene\play\GamePlayScene.cpp(194,17):
      蠑墓焚繝ｪ繧ｹ繝・'()' 繧剃ｸ閾ｴ縺輔○繧医≧縺ｨ縺励※縺・ｋ縺ｨ縺・
  
C:\Users\kurih\source\repos\kuriharakento\KentoCompoEngine\project\application\scene\play\GamePlayScene.cpp(219,22): error C2660: 'CinematicLetterbox::Initialize': 髢｢謨ｰ縺ｫ 1 蛟九・蠑墓焚繧呈欠螳壹〒縺阪∪縺帙ｓ縲・[C:\Users\kurih\source\repos\kuriharakento\KentoCompoEngine\project\KentoCompo.vcxproj]
      C:\Users\kurih\source\repos\kuriharakento\KentoCompoEngine\project\application\effect\CinematicLetterbox.h(91,10):
      'CinematicLetterbox::Initialize' 縺ｮ螳｣險繧堤｢ｺ隱阪＠縺ｦ縺上□縺輔＞
      C:\Users\kurih\source\repos\kuriharakento\KentoCompoEngine\project\application\scene\play\GamePlayScene.cpp(219,22):
      蠑墓焚繝ｪ繧ｹ繝・'(SpriteCommon *)' 繧剃ｸ閾ｴ縺輔○繧医≧縺ｨ縺励※縺・ｋ縺ｨ縺・
  
C:\Users\kurih\source\repos\kuriharakento\KentoCompoEngine\project\application\scene\play\GamePlayScene.cpp(225,28): error C2039: 'Clear': 'Registry' 縺ｮ繝｡繝ｳ繝舌・縺ｧ縺ｯ縺ゅｊ縺ｾ縺帙ｓ [C:\Users\kurih\source\repos\kuriharakento\KentoCompoEngine\project\KentoCompo.vcxproj]
      C:\Users\kurih\source\repos\kuriharakento\KentoCompoEngine\project\engine\ecs\Registry.h(20,7):
      'Registry' 縺ｮ螳｣險繧堤｢ｺ隱阪＠縺ｦ縺上□縺輔＞
  
C:\Users\kurih\source\repos\kuriharakento\KentoCompoEngine\project\application\scene\play\GamePlayScene.cpp(236,26): error C2664: 'void InstancedRenderSystem::DrawGrouped(Registry &,const std::unordered_map<std::string,std::unique_ptr<InstancedModelRenderer,std::default_delete<InstancedModelRenderer>>,std::hash<std::string>,std::equal_to<std::string>,std::allocator<std::pair<const std::string,std::unique_ptr<InstancedModelRenderer,std::default_delete<InstancedModelRenderer>>>>> &,Camera *,LightManager *,ShadowMapManager *)': 蠑墓焚 2 繧・'_Ty1' 縺九ｉ 'const std::unordered_map<std::string,std::unique_ptr<InstancedModelRenderer,std::default_delete<InstancedModelRenderer>>,std::hash<std::string>,std::equal_to<std::string>,std::allocator<std::pair<const std::string,std::unique_ptr<InstancedModelRenderer,std::default_delete<InstancedModelRenderer>>>>> &' 縺ｸ螟画鋤縺ｧ縺阪∪縺帙ｓ縲・[C:\Users\kurih\source\repos\kuriharakento\KentoCompoEngine\project\KentoCompo.vcxproj]
C:\Users\kurih\source\repos\kuriharakento\KentoCompoEngine\project\application\scene\play\GamePlayScene.cpp(236,26): error C2664:         with [C:\Users\kurih\source\repos\kuriharakento\KentoCompoEngine\project\KentoCompo.vcxproj]
C:\Users\kurih\source\repos\kuriharakento\KentoCompoEngine\project\application\scene\play\GamePlayScene.cpp(236,26): error C2664:         [ [C:\Users\kurih\source\repos\kuriharakento\KentoCompoEngine\project\KentoCompo.vcxproj]
C:\Users\kurih\source\repos\kuriharakento\KentoCompoEngine\project\application\scene\play\GamePlayScene.cpp(236,26): error C2664:             _Ty1=const std::string [C:\Users\kurih\source\repos\kuriharakento\KentoCompoEngine\project\KentoCompo.vcxproj]
C:\Users\kurih\source\repos\kuriharakento\KentoCompoEngine\project\application\scene\play\GamePlayScene.cpp(236,26): error C2664:         ] [C:\Users\kurih\source\repos\kuriharakento\KentoCompoEngine\project\KentoCompo.vcxproj]
      C:\Users\kurih\source\repos\kuriharakento\KentoCompoEngine\project\application\scene\play\GamePlayScene.cpp(238,8):
      逅・罰: '_Ty1' 縺九ｉ 'const std::unordered_map<std::string,std::unique_ptr<InstancedModelRenderer,std::default_delete<InstancedModelRenderer>>,std::hash<std::string>,std::equal_to<std::string>,std::allocator<std::pair<const std::string,std::unique_ptr<InstancedModelRenderer,std::default_delete<InstancedModelRenderer>>>>>' 縺ｸ縺ｯ螟画鋤縺ｧ縺阪∪縺帙ｓ縲・
          with
          [
              _Ty1=const std::string
          ]
      C:\Users\kurih\source\repos\kuriharakento\KentoCompoEngine\project\application\scene\play\GamePlayScene.cpp(238,8):
      縺薙・螟画鋤繧貞ｮ溯｡悟庄閭ｽ縺ｪ繝ｦ繝ｼ繧ｶ繝ｼ螳夂ｾｩ螟画鋤貍皮ｮ怜ｭ舌′縺ｪ縺・°縲√∪縺溘・貍皮ｮ怜ｭ舌ｒ蜻ｼ縺ｳ蜃ｺ縺帙∪縺帙ｓ縲・
      C:\Users\kurih\source\repos\kuriharakento\KentoCompoEngine\project\engine\ecs\system\InstancedRenderSystem.h(25,17):
      'InstancedRenderSystem::DrawGrouped' 縺ｮ螳｣險繧堤｢ｺ隱阪＠縺ｦ縺上□縺輔＞
      C:\Users\kurih\source\repos\kuriharakento\KentoCompoEngine\project\application\scene\play\GamePlayScene.cpp(236,26):
      蠑墓焚繝ｪ繧ｹ繝・'(_Ty, _Ty1, InstancedModelRenderer *, CameraManager *, LightManager *)' 繧剃ｸ閾ｴ縺輔○繧医≧縺ｨ縺励※縺・ｋ縺ｨ縺・
          with
          [
              _Ty=Registry
          ]
          and
          [
              _Ty1=const std::string
          ]
  
  SkinningPipelineManager.cpp
  MoveComponent.cpp
  Player.cpp
  OBBColliderComponent.cpp
  PostProcessManager.cpp
  VignetteEffect.cpp
  NoiseEffect.cpp
  Skybox.cpp
  ShotgunComponent.cpp
  Obstacle.cpp
  ObstacleManager.cpp
  ObstacleData.cpp
  SequenceNode.cpp
  SelectorNode.cpp
  StageEditScene.cpp
  StageManager.cpp
  StageData.cpp
  Timer.cpp
  TimerManager.cpp
  ParallelNode.cpp
  Stage.cpp
  Wave.cpp
  WaveManager.cpp
  Minimap.cpp
  ParticleTestScene.cpp
  NumberSprite.cpp
  StatusComponent.cpp
  SceneTransitionEffect.cpp
  PlayerUIComponent.cpp
  WeaponManagerComponent.cpp
繝励Ο繧ｸ繧ｧ繧ｯ繝・"C:\Users\kurih\source\repos\kuriharakento\KentoCompoEngine\project\KentoCompo.vcxproj" (Rebuild 繧ｿ繝ｼ繧ｲ繝・ヨ) 縺ｮ繝薙Ν繝峨′邨ゆｺ・＠縺ｾ縺励◆ -- 螟ｱ謨励・
繝励Ο繧ｸ繧ｧ繧ｯ繝・"C:\Users\kurih\source\repos\kuriharakento\KentoCompoEngine\project\KentoCompo.sln" (1) 縺ｯ縲√ヮ繝ｼ繝・1 荳翫↓ "C:\Users\kurih\source\repos\kuriharakento\KentoCompoEngine\project\externals\ImGui\ImGui.vcxproj" (4) 繧偵ン繝ｫ繝峨＠縺ｦ縺・∪縺・(Rebuild 繧ｿ繝ｼ繧ｲ繝・ヨ)縲・
_PrepareForClean:
  繝輔ぃ繧､繝ｫ "C:\Users\kurih\source\repos\kuriharakento\KentoCompoEngine\project\..\Generated\obj\ImGui\Debug\ImGui.tlog\ImGui.lastbuildstate" 繧貞炎髯､縺励※縺・∪縺吶・
PrepareForBuild:
  讒矩蛹門・蜉帙′譛牙柑縺ｫ縺ｪ縺｣縺ｦ縺・∪縺吶ゅさ繝ｳ繝代う繝ｩ險ｺ譁ｭ縺ｮ譖ｸ蠑剰ｨｭ螳壹↓縺ｯ繧ｨ繝ｩ繝ｼ髫主ｱ､縺悟渚譏縺輔ｌ縺ｾ縺吶りｩｳ邏ｰ縺ｫ縺､縺・※縺ｯ縲”ttps://aka.ms/cpp/structured-output 繧貞盾辣ｧ縺励※縺上□縺輔＞縲・
InitializeBuildStatus:
  "AlwaysCreate" 縺梧欠螳壹＆繧後◆縺溘ａ "C:\Users\kurih\source\repos\kuriharakento\KentoCompoEngine\project\..\Generated\obj\ImGui\Debug\ImGui.tlog\unsuccessfulbuild" 繧剃ｽ懈・縺励※縺・∪縺吶・
  "C:\Users\kurih\source\repos\kuriharakento\KentoCompoEngine\project\..\Generated\obj\ImGui\Debug\ImGui.tlog\unsuccessfulbuild" 縺ｮ繧ｿ繝・メ 繧ｿ繧ｹ繧ｯ繧貞ｮ溯｡後＠縺ｦ縺・∪縺吶・
FinalizeBuildStatus:
  繝輔ぃ繧､繝ｫ "C:\Users\kurih\source\repos\kuriharakento\KentoCompoEngine\project\..\Generated\obj\ImGui\Debug\ImGui.tlog\unsuccessfulbuild" 繧貞炎髯､縺励※縺・∪縺吶・
  "C:\Users\kurih\source\repos\kuriharakento\KentoCompoEngine\project\..\Generated\obj\ImGui\Debug\ImGui.tlog\ImGui.lastbuildstate" 縺ｮ繧ｿ繝・メ 繧ｿ繧ｹ繧ｯ繧貞ｮ溯｡後＠縺ｦ縺・∪縺吶・
繝励Ο繧ｸ繧ｧ繧ｯ繝・"C:\Users\kurih\source\repos\kuriharakento\KentoCompoEngine\project\externals\ImGui\ImGui.vcxproj" (Rebuild 繧ｿ繝ｼ繧ｲ繝・ヨ) 縺ｮ繝薙Ν繝峨′螳御ｺ・＠縺ｾ縺励◆縲・
繝励Ο繧ｸ繧ｧ繧ｯ繝・"C:\Users\kurih\source\repos\kuriharakento\KentoCompoEngine\project\KentoCompo.sln" (Rebuild 繧ｿ繝ｼ繧ｲ繝・ヨ) 縺ｮ繝薙Ν繝峨′邨ゆｺ・＠縺ｾ縺励◆ -- 螟ｱ謨励・

繝薙Ν繝峨↓螟ｱ謨励＠縺ｾ縺励◆縲・

"C:\Users\kurih\source\repos\kuriharakento\KentoCompoEngine\project\KentoCompo.sln" (Rebuild 繧ｿ繝ｼ繧ｲ繝・ヨ) (1) ->
"C:\Users\kurih\source\repos\kuriharakento\KentoCompoEngine\project\KentoCompo.vcxproj" (Rebuild 繧ｿ繝ｼ繧ｲ繝・ヨ) (2) ->
(ClCompile 繧ｿ繝ｼ繧ｲ繝・ヨ) -> 
  C:\Users\kurih\source\repos\kuriharakento\KentoCompoEngine\project\application\scene\play\GamePlayScene.cpp(68,36): error C2039: 'SetDirection': 'LightManager' 縺ｮ繝｡繝ｳ繝舌・縺ｧ縺ｯ縺ゅｊ縺ｾ縺帙ｓ [C:\Users\kurih\source\repos\kuriharakento\KentoCompoEngine\project\KentoCompo.vcxproj]
  C:\Users\kurih\source\repos\kuriharakento\KentoCompoEngine\project\application\scene\play\GamePlayScene.cpp(69,36): error C2039: 'SetIntensity': 'LightManager' 縺ｮ繝｡繝ｳ繝舌・縺ｧ縺ｯ縺ゅｊ縺ｾ縺帙ｓ [C:\Users\kurih\source\repos\kuriharakento\KentoCompoEngine\project\KentoCompo.vcxproj]
  C:\Users\kurih\source\repos\kuriharakento\KentoCompoEngine\project\application\scene\play\GamePlayScene.cpp(102,39): error C2065: 'PlayerSystem': 螳夂ｾｩ縺輔ｌ縺ｦ縺・↑縺・ｭ伜挨蟄舌〒縺吶・[C:\Users\kurih\source\repos\kuriharakento\KentoCompoEngine\project\KentoCompo.vcxproj]
  C:\Users\kurih\source\repos\kuriharakento\KentoCompoEngine\project\application\scene\play\GamePlayScene.cpp(102,27): error C2672: 'std::make_shared': 荳閾ｴ縺吶ｋ繧ｪ繝ｼ繝舌・繝ｭ繝ｼ繝峨＆繧後◆髢｢謨ｰ縺瑚ｦ九▽縺九ｊ縺ｾ縺帙ｓ縺ｧ縺励◆縲・[C:\Users\kurih\source\repos\kuriharakento\KentoCompoEngine\project\KentoCompo.vcxproj]
  C:\Users\kurih\source\repos\kuriharakento\KentoCompoEngine\project\application\scene\play\GamePlayScene.cpp(103,2): error C3536: 'playerSystem': 蛻晄悄蛹門燕縺ｫ菴ｿ逕ｨ縺吶ｋ縺薙→縺ｯ縺ｧ縺阪∪縺帙ｓ [C:\Users\kurih\source\repos\kuriharakento\KentoCompoEngine\project\KentoCompo.vcxproj]
  C:\Users\kurih\source\repos\kuriharakento\KentoCompoEngine\project\application\scene\play\GamePlayScene.cpp(133,13): error C2660: 'InstancedModelRenderer::Initialize': 髢｢謨ｰ縺ｫ 2 蛟九・蠑墓焚繧呈欠螳壹〒縺阪∪縺帙ｓ縲・[C:\Users\kurih\source\repos\kuriharakento\KentoCompoEngine\project\KentoCompo.vcxproj]
  C:\Users\kurih\source\repos\kuriharakento\KentoCompoEngine\project\application\scene\play\GamePlayScene.cpp(194,17): error C2660: 'SplineCamera::Initialize': 髢｢謨ｰ縺ｫ 0 蛟九・蠑墓焚繧呈欠螳壹〒縺阪∪縺帙ｓ縲・[C:\Users\kurih\source\repos\kuriharakento\KentoCompoEngine\project\KentoCompo.vcxproj]
  C:\Users\kurih\source\repos\kuriharakento\KentoCompoEngine\project\application\scene\play\GamePlayScene.cpp(219,22): error C2660: 'CinematicLetterbox::Initialize': 髢｢謨ｰ縺ｫ 1 蛟九・蠑墓焚繧呈欠螳壹〒縺阪∪縺帙ｓ縲・[C:\Users\kurih\source\repos\kuriharakento\KentoCompoEngine\project\KentoCompo.vcxproj]
  C:\Users\kurih\source\repos\kuriharakento\KentoCompoEngine\project\application\scene\play\GamePlayScene.cpp(225,28): error C2039: 'Clear': 'Registry' 縺ｮ繝｡繝ｳ繝舌・縺ｧ縺ｯ縺ゅｊ縺ｾ縺帙ｓ [C:\Users\kurih\source\repos\kuriharakento\KentoCompoEngine\project\KentoCompo.vcxproj]
  C:\Users\kurih\source\repos\kuriharakento\KentoCompoEngine\project\application\scene\play\GamePlayScene.cpp(236,26): error C2664: 'void InstancedRenderSystem::DrawGrouped(Registry &,const std::unordered_map<std::string,std::unique_ptr<InstancedModelRenderer,std::default_delete<InstancedModelRenderer>>,std::hash<std::string>,std::equal_to<std::string>,std::allocator<std::pair<const std::string,std::unique_ptr<InstancedModelRenderer,std::default_delete<InstancedModelRenderer>>>>> &,Camera *,LightManager *,ShadowMapManager *)': 蠑墓焚 2 繧・'_Ty1' 縺九ｉ 'const std::unordered_map<std::string,std::unique_ptr<InstancedModelRenderer,std::default_delete<InstancedModelRenderer>>,std::hash<std::string>,std::equal_to<std::string>,std::allocator<std::pair<const std::string,std::unique_ptr<InstancedModelRenderer,std::default_delete<InstancedModelRenderer>>>>> &' 縺ｸ螟画鋤縺ｧ縺阪∪縺帙ｓ縲・[C:\Users\kurih\source\repos\kuriharakento\KentoCompoEngine\project\KentoCompo.vcxproj]
C:\Users\kurih\source\repos\kuriharakento\KentoCompoEngine\project\application\scene\play\GamePlayScene.cpp(236,26): error C2664:         with [C:\Users\kurih\source\repos\kuriharakento\KentoCompoEngine\project\KentoCompo.vcxproj]
C:\Users\kurih\source\repos\kuriharakento\KentoCompoEngine\project\application\scene\play\GamePlayScene.cpp(236,26): error C2664:         [ [C:\Users\kurih\source\repos\kuriharakento\KentoCompoEngine\project\KentoCompo.vcxproj]
C:\Users\kurih\source\repos\kuriharakento\KentoCompoEngine\project\application\scene\play\GamePlayScene.cpp(236,26): error C2664:             _Ty1=const std::string [C:\Users\kurih\source\repos\kuriharakento\KentoCompoEngine\project\KentoCompo.vcxproj]
C:\Users\kurih\source\repos\kuriharakento\KentoCompoEngine\project\application\scene\play\GamePlayScene.cpp(236,26): error C2664:         ] [C:\Users\kurih\source\repos\kuriharakento\KentoCompoEngine\project\KentoCompo.vcxproj]

    0 蛟九・隴ｦ蜻・
    10 繧ｨ繝ｩ繝ｼ

邨碁℃譎る俣 00:00:35.37
